Component: Arm Compiler for Embedded 6.19 Tool: armlink [5e73cb00]

==============================================================================

Section Cross References

    main.o(.ARM.exidx.text.JumpToImage) refers to main.o(.text.JumpToImage) for [Anonymous Symbol]
    main.o(.text.main) refers to fsl_clock.o(.text.CLOCK_SetClkDiv) for CLOCK_SetClkDiv
    main.o(.text.main) refers to fsl_clock.o(.text.CLOCK_AttachClk) for CLOCK_AttachClk
    main.o(.text.main) refers to pin_mux.o(.text.BOARD_InitPins) for BOARD_InitPins
    main.o(.text.main) refers to clock_config.o(.text.BOARD_BootClockFROHF96M) for BOARD_BootClockFROHF96M
    main.o(.text.main) refers to board.o(.text.BOARD_InitDebugConsole) for BOARD_InitDebugConsole
    main.o(.text.main) refers to fsl_clock.o(.text.CLOCK_GetFreq) for CLOCK_GetFreq
    main.o(.text.main) refers to printf8.o(i.__0printf$8) for __2printf
    main.o(.text.main) refers to fsl_gpio.o(.text.GPIO_PortInit) for GPIO_PortInit
    main.o(.text.main) refers to fsl_gpio.o(.text.GPIO_PinInit) for GPIO_PinInit
    main.o(.text.main) refers to memory.o(.text.memory_init) for memory_init
    main.o(.text.main) refers to sbl_api.o(.text.sbl_nvm_init) for sbl_nvm_init
    main.o(.text.main) refers to sbl_api.o(.text.sbl_nvm_write) for sbl_nvm_write
    main.o(.text.main) refers to sbl_api.o(.bss.re_invoke_flag) for re_invoke_flag
    main.o(.text.main) refers to dimage.o(.text.image_scan) for image_scan
    main.o(.text.main) refers to main.o(.rodata.str1.1) for .L.str.5
    main.o(.text.main) refers to dimage.o(.text.image_get_hdr) for image_get_hdr
    main.o(.text.main) refers to dimage.o(.text.dump_hdr) for dump_hdr
    main.o(.text.main) refers to memory.o(.text.memory_copy) for memory_copy
    main.o(.text.main) refers to main.o(.bss.mcuboot) for mcuboot
    main.o(.text.main) refers to main.o(.text.mcuboot_send) for mcuboot_send
    main.o(.text.main) refers to main.o(.text.mcuboot_jump) for mcuboot_jump
    main.o(.text.main) refers to main.o(.text.mcuboot_complete) for mcuboot_complete
    main.o(.text.main) refers to memory.o(.text.memory_erase) for memory_erase
    main.o(.text.main) refers to memory.o(.text.memory_write) for memory_write
    main.o(.text.main) refers to main.o(.text.mcuboot_reset) for mcuboot_reset
    main.o(.text.main) refers to memory.o(.text.memory_read) for memory_read
    main.o(.text.main) refers to mcuboot.o(.text.mcuboot_init) for mcuboot_init
    main.o(.text.main) refers to mcuboot.o(.text.mcuboot_proc) for mcuboot_proc
    main.o(.ARM.exidx.text.main) refers to main.o(.text.main) for [Anonymous Symbol]
    main.o(.text.mcuboot_send) refers to fsl_usart.o(.text.USART_WriteBlocking) for USART_WriteBlocking
    main.o(.ARM.exidx.text.mcuboot_send) refers to main.o(.text.mcuboot_send) for [Anonymous Symbol]
    main.o(.text.mcuboot_reset) refers to main.o(.text.__NVIC_SystemReset) for __NVIC_SystemReset
    main.o(.ARM.exidx.text.mcuboot_reset) refers to main.o(.text.mcuboot_reset) for [Anonymous Symbol]
    main.o(.text.mcuboot_jump) refers to main.o(.rodata.str1.1) for .L.str.11
    main.o(.text.mcuboot_jump) refers to printf8.o(i.__0printf$8) for __2printf
    main.o(.ARM.exidx.text.mcuboot_jump) refers to main.o(.text.mcuboot_jump) for [Anonymous Symbol]
    main.o(.text.mcuboot_complete) refers to sbl_api.o(.text.sbl_nvm_write) for sbl_nvm_write
    main.o(.ARM.exidx.text.mcuboot_complete) refers to main.o(.text.mcuboot_complete) for [Anonymous Symbol]
    main.o(.text.FLEXCOMM0_IRQHandler) refers to main.o(.bss.mcuboot) for mcuboot
    main.o(.text.FLEXCOMM0_IRQHandler) refers to mcuboot.o(.text.mcuboot_recv) for mcuboot_recv
    main.o(.ARM.exidx.text.FLEXCOMM0_IRQHandler) refers to main.o(.text.FLEXCOMM0_IRQHandler) for [Anonymous Symbol]
    main.o(.text.HardFault_Handler) refers to printf8.o(i.__0printf$8) for __2printf
    main.o(.ARM.exidx.text.HardFault_Handler) refers to main.o(.text.HardFault_Handler) for [Anonymous Symbol]
    main.o(.ARM.exidx.text.__NVIC_SystemReset) refers to main.o(.text.__NVIC_SystemReset) for [Anonymous Symbol]
    memory.o(.text.memory_init) refers to fsl_clock.o(.text.CLOCK_GetFreq) for CLOCK_GetFreq
    memory.o(.text.memory_init) refers to memory.o(.bss.flashInstance) for flashInstance
    memory.o(.text.memory_init) refers to fsl_flash.o(.text.FLASH_Init) for FLASH_Init
    memory.o(.ARM.exidx.text.memory_init) refers to memory.o(.text.memory_init) for [Anonymous Symbol]
    memory.o(.text.memory_erase) refers to memory.o(.bss.flashInstance) for flashInstance
    memory.o(.text.memory_erase) refers to fsl_flash.o(.text.FLASH_Erase) for FLASH_Erase
    memory.o(.ARM.exidx.text.memory_erase) refers to memory.o(.text.memory_erase) for [Anonymous Symbol]
    memory.o(.text.memory_write) refers to memory.o(.bss.memory_write.tmp_buf) for memory_write.tmp_buf
    memory.o(.text.memory_write) refers to memcpy.o(.text) for memcpy
[...]
    ../clib/microlib/ctype/ctype.c           0x00000000   Number         0  isalnum_o.o ABSOLUTE
    ../clib/microlib/ctype/ctype.c           0x00000000   Number         0  isalpha_o.o ABSOLUTE
    ../clib/microlib/ctype/ctype.c           0x00000000   Number         0  isblank_o.o ABSOLUTE
    ../clib/microlib/ctype/ctype.c           0x00000000   Number         0  iscntrl_o.o ABSOLUTE
    ../clib/microlib/ctype/ctype.c           0x00000000   Number         0  isdigit_o.o ABSOLUTE
    ../clib/microlib/ctype/ctype.c           0x00000000   Number         0  isgraph_o.o ABSOLUTE
    ../clib/microlib/ctype/ctype.c           0x00000000   Number         0  islower_o.o ABSOLUTE
    ../clib/microlib/ctype/ctype.c           0x00000000   Number         0  isprint_o.o ABSOLUTE
    ../clib/microlib/ctype/ctype.c           0x00000000   Number         0  ispunct_o.o ABSOLUTE
    ../clib/microlib/ctype/ctype.c           0x00000000   Number         0  isspace_o.o ABSOLUTE
    ../clib/microlib/ctype/ctype.c           0x00000000   Number         0  isupper_o.o ABSOLUTE
    ../clib/microlib/ctype/ctype.c           0x00000000   Number         0  isxdigit_o.o ABSOLUTE
    ../clib/microlib/division.c              0x00000000   Number         0  uldiv.o ABSOLUTE
    ../clib/microlib/division.c              0x00000000   Number         0  uidiv.o ABSOLUTE
    ../clib/microlib/errno.c                 0x00000000   Number         0  errno.o ABSOLUTE
    ../clib/microlib/init/entry.s            0x00000000   Number         0  entry.o ABSOLUTE
    ../clib/microlib/init/entry.s            0x00000000   Number         0  entry4.o ABSOLUTE
    ../clib/microlib/init/entry.s            0x00000000   Number         0  entry5.o ABSOLUTE
    ../clib/microlib/init/entry.s            0x00000000   Number         0  entry7a.o ABSOLUTE
    ../clib/microlib/init/entry.s            0x00000000   Number         0  entry7b.o ABSOLUTE
    ../clib/microlib/init/entry.s            0x00000000   Number         0  entry8a.o ABSOLUTE
    ../clib/microlib/init/entry.s            0x00000000   Number         0  entry8b.o ABSOLUTE
    ../clib/microlib/init/entry.s            0x00000000   Number         0  entry9a.o ABSOLUTE
    ../clib/microlib/init/entry.s            0x00000000   Number         0  entry9b.o ABSOLUTE
    ../clib/microlib/init/entry.s            0x00000000   Number         0  entry10a.o ABSOLUTE
    ../clib/microlib/init/entry.s            0x00000000   Number         0  entry10b.o ABSOLUTE
    ../clib/microlib/init/entry.s            0x00000000   Number         0  entry11a.o ABSOLUTE
    ../clib/microlib/init/entry.s            0x00000000   Number         0  entry11b.o ABSOLUTE
    ../clib/microlib/longlong.c              0x00000000   Number         0  llshl.o ABSOLUTE
    ../clib/microlib/longlong.c              0x00000000   Number         0  llushr.o ABSOLUTE
    ../clib/microlib/longlong.c              0x00000000   Number         0  llsshr.o ABSOLUTE
    ../clib/microlib/malloc/malloc.c         0x00000000   Number         0  malloc2.o ABSOLUTE
    ../clib/microlib/malloc/malloc.c         0x00000000   Number         0  mallocr2.o ABSOLUTE
    ../clib/microlib/malloc/malloc.c         0x00000000   Number         0  malloca2.o ABSOLUTE
    ../clib/microlib/malloc/malloc.c         0x00000000   Number         0  mallocra2.o ABSOLUTE
    ../clib/microlib/malloc/mvars.c          0x00000000   Number         0  mvars.o ABSOLUTE
    ../clib/microlib/printf/printf.c         0x00000000   Number         0  printfb.o ABSOLUTE
    ../clib/microlib/printf/printf.c         0x00000000   Number         0  printf0.o ABSOLUTE
    ../clib/microlib/printf/printf.c         0x00000000   Number         0  printf1.o ABSOLUTE
    ../clib/microlib/printf/printf.c         0x00000000   Number         0  printf2.o ABSOLUTE
    ../clib/microlib/printf/printf.c         0x00000000   Number         0  printf3.o ABSOLUTE
    ../clib/microlib/printf/printf.c         0x00000000   Number         0  printf4.o ABSOLUTE
    ../clib/microlib/printf/printf.c         0x00000000   Number         0  printf5.o ABSOLUTE
    ../clib/microlib/printf/printf.c         0x00000000   Number         0  printf6.o ABSOLUTE
    ../clib/microlib/printf/printf.c         0x00000000   Number         0  printf7.o ABSOLUTE
    ../clib/microlib/printf/printf.c         0x00000000   Number         0  printf8.o ABSOLUTE
    ../clib/microlib/printf/printf.c         0x00000000   Number         0  printfa.o ABSOLUTE
    ../clib/microlib/printf/stubs.s          0x00000000   Number         0  printfstubs.o ABSOLUTE
    ../clib/microlib/string/memcpy.c         0x00000000   Number         0  memcpy.o ABSOLUTE
    ../clib/microlib/string/memcpy.c         0x00000000   Number         0  memcpyc.o ABSOLUTE
    ../clib/microlib/string/memcpy.c         0x00000000   Number         0  memcpya.o ABSOLUTE
    ../clib/microlib/string/memcpy.c         0x00000000   Number         0  memcpyb.o ABSOLUTE
    ../clib/microlib/string/memset.c         0x00000000   Number         0  memset.o ABSOLUTE
    ../clib/microlib/string/memset.c         0x00000000   Number         0  memseta.o ABSOLUTE
    ../clib/microlib/string/strlen.c         0x00000000   Number         0  strlen.o ABSOLUTE
    ../clib/microlib/stubs.s                 0x00000000   Number         0  iusefp.o ABSOLUTE
    ../clib/scanf.c                          0x00000000   Number         0  strtoul.o ABSOLUTE
    ../clib/scanf.c                          0x00000000   Number         0  _strtoul.o ABSOLUTE
    ../clib/scanf.c                          0x00000000   Number         0  _chval.o ABSOLUTE
    ../fplib/microlib/fpadd.c                0x00000000   Number         0  dadd.o ABSOLUTE
    ../fplib/microlib/fpdiv.c                0x00000000   Number         0  ddiv.o ABSOLUTE
    ../fplib/microlib/fpepilogue.c           0x00000000   Number         0  depilogue.o ABSOLUTE
    ../fplib/microlib/fpfix.c                0x00000000   Number         0  ffixul.o ABSOLUTE
    ../fplib/microlib/fpfix.c                0x00000000   Number         0  dfixul.o ABSOLUTE
    ../fplib/microlib/fpmul.c                0x00000000   Number         0  dmul.o ABSOLUTE
    board.c                                  0x00000000   Number         0  board.o ABSOLUTE
    cdrcmple.s                               0x00000000   Number         0  cdrcmple.o ABSOLUTE
    clock_config.c                           0x00000000   Number         0  clock_config.o ABSOLUTE
    crc32.c                                  0x00000000   Number         0  crc32.o ABSOLUTE
    dc.s                                     0x00000000   Number         0  dc.o ABSOLUTE
    dimage.c                                 0x00000000   Number         0  dimage.o ABSOLUTE
    fsl_adapter_usart.c                      0x00000000   Number         0  fsl_adapter_usart.o ABSOLUTE
    fsl_assert.c                             0x00000000   Number         0  fsl_assert.o ABSOLUTE
    fsl_clock.c                              0x00000000   Number         0  fsl_clock.o ABSOLUTE
    fsl_common.c                             0x00000000   Number         0  fsl_common.o ABSOLUTE
    fsl_common_arm.c                         0x00000000   Number         0  fsl_common_arm.o ABSOLUTE
    fsl_component_generic_list.c             0x00000000   Number         0  fsl_component_generic_list.o ABSOLUTE
    fsl_debug_console.c                      0x00000000   Number         0  fsl_debug_console.o ABSOLUTE
    fsl_flash.c                              0x00000000   Number         0  fsl_flash.o ABSOLUTE
    fsl_flexcomm.c                           0x00000000   Number         0  fsl_flexcomm.o ABSOLUTE
    fsl_gpio.c                               0x00000000   Number         0  fsl_gpio.o ABSOLUTE
    fsl_inputmux.c                           0x00000000   Number         0  fsl_inputmux.o ABSOLUTE
    fsl_power.c                              0x00000000   Number         0  fsl_power.o ABSOLUTE
    fsl_reset.c                              0x00000000   Number         0  fsl_reset.o ABSOLUTE
    fsl_str.c                                0x00000000   Number         0  fsl_str.o ABSOLUTE
    fsl_usart.c                              0x00000000   Number         0  fsl_usart.o ABSOLUTE
    handlers.s                               0x00000000   Number         0  handlers.o ABSOLUTE
    init.s                                   0x00000000   Number         0  init.o ABSOLUTE
    kptl.c                                   0x00000000   Number         0  kptl.o ABSOLUTE
    main.c                                   0x00000000   Number         0  main.o ABSOLUTE
    mcuboot.c                                0x00000000   Number         0  mcuboot.o ABSOLUTE
    memory.c                                 0x00000000   Number         0  memory.o ABSOLUTE
    pin_mux.c                                0x00000000   Number         0  pin_mux.o ABSOLUTE
    sbl_api.c                                0x00000000   Number         0  sbl_api.o ABSOLUTE
    system_LPC55S36.c                        0x00000000   Number         0  system_lpc55s36.o ABSOLUTE
    .ARM.Collect$$$$00000000                 0x0000040c   Section        0  entry.o(.ARM.Collect$$$$00000000)
    .ARM.Collect$$$$00000003                 0x0000040c   Section        4  entry4.o(.ARM.Collect$$$$00000003)
    .ARM.Collect$$$$00000004                 0x00000410   Section        4  entry5.o(.ARM.Collect$$$$00000004)
    .ARM.Collect$$$$00000008                 0x00000414   Section        0  entry7b.o(.ARM.Collect$$$$00000008)
    .ARM.Collect$$$$0000000A                 0x00000414   Section        0  entry8b.o(.ARM.Collect$$$$0000000A)
    .ARM.Collect$$$$0000000B                 0x00000414   Section        8  entry9a.o(.ARM.Collect$$$$0000000B)
    __lit__00000000                          0x0000041c   Data           4  entry4.o(.ARM.Collect$$$$00002714)
    .ARM.Collect$$$$0000000D                 0x0000041c   Section        0  entry10a.o(.ARM.Collect$$$$0000000D)
    .ARM.Collect$$$$0000000F                 0x0000041c   Section        0  entry11a.o(.ARM.Collect$$$$0000000F)
    .ARM.Collect$$$$00002714                 0x0000041c   Section        4  entry4.o(.ARM.Collect$$$$00002714)
    [Anonymous Symbol]                       0x00000420   Section        0  startup_lpc55s36.o(.text)
    .text                                    0x0000082c   Section        0  uldiv.o(.text)
    .text                                    0x0000088e   Section        0  memcpy.o(.text)
    .text                                    0x000008b6   Section        0  memset.o(.text)
    .text                                    0x000008c8   Section        0  strlen.o(.text)
    .text                                    0x000008d6   Section        0  llshl.o(.text)
    .text                                    0x000008f4   Section        0  llushr.o(.text)
    .text                                    0x00000914   Section       36  init.o(.text)
    [Anonymous Symbol]                       0x00000938   Section        0  clock_config.o(.text.BOARD_BootClockFROHF96M)
    [Anonymous Symbol]                       0x0000099c   Section        0  board.o(.text.BOARD_InitDebugConsole)
    [Anonymous Symbol]                       0x000009c8   Section        0  pin_mux.o(.text.BOARD_InitPins)
    [Anonymous Symbol]                       0x000009f0   Section        0  fsl_clock.o(.text.CLOCK_AttachClk)
    [Anonymous Symbol]                       0x00000a64   Section        0  fsl_clock.o(.text.CLOCK_GetClockOutClkFreq)
    [Anonymous Symbol]                       0x00000b24   Section        0  fsl_clock.o(.text.CLOCK_GetCoreSysClkFreq)
    [Anonymous Symbol]                       0x00000bfc   Section        0  fsl_clock.o(.text.CLOCK_GetFreq)
    [Anonymous Symbol]                       0x00000d20   Section        0  fsl_clock.o(.text.CLOCK_SetClkDiv)
    [Anonymous Symbol]                       0x00000d5c   Section        0  fsl_clock.o(.text.CLOCK_SetFLASHAccessCyclesForFreq)
    [Anonymous Symbol]                       0x00000de8   Section        0  fsl_clock.o(.text.CLOCK_SetupFROClocking)
    [Anonymous Symbol]                       0x00000e70   Section        0  fsl_debug_console.o(.text.DbgConsole_Init)
    [Anonymous Symbol]                       0x00000ec4   Section        0  fsl_debug_console.o(.text.DbgConsole_Printf)
    [Anonymous Symbol]                       0x00000ee4   Section        0  fsl_debug_console.o(.text.DbgConsole_Vprintf)
    [Anonymous Symbol]                       0x000012ec   Section        0  fsl_flash.o(.text.FLASH_Erase)
    [Anonymous Symbol]                       0x00001300   Section        0  fsl_flash.o(.text.FLASH_Init)
    [Anonymous Symbol]                       0x00001324   Section        0  fsl_flash.o(.text.FLASH_Program)
    [Anonymous Symbol]                       0x00001338   Section        0  fsl_flash.o(.text.FLASH_Read)
    [Anonymous Symbol]                       0x0000134c   Section        0  fsl_flexcomm.o(.text.FLEXCOMM0_DriverIRQHandler)
    [Anonymous Symbol]                       0x00001384   Section        0  main.o(.text.FLEXCOMM0_IRQHandler)
    [Anonymous Symbol]                       0x000013c0   Section        0  fsl_flexcomm.o(.text.FLEXCOMM1_DriverIRQHandler)
    [Anonymous Symbol]                       0x000013f8   Section        0  fsl_flexcomm.o(.text.FLEXCOMM2_DriverIRQHandler)
    [Anonymous Symbol]                       0x00001430   Section        0  fsl_flexcomm.o(.text.FLEXCOMM3_DriverIRQHandler)
    [Anonymous Symbol]                       0x00001468   Section        0  fsl_flexcomm.o(.text.FLEXCOMM4_DriverIRQHandler)
    [Anonymous Symbol]                       0x000014a0   Section        0  fsl_flexcomm.o(.text.FLEXCOMM5_DriverIRQHandler)
    [Anonymous Symbol]                       0x000014d8   Section        0  fsl_flexcomm.o(.text.FLEXCOMM6_DriverIRQHandler)
    [Anonymous Symbol]                       0x00001510   Section        0  fsl_flexcomm.o(.text.FLEXCOMM7_DriverIRQHandler)
    [Anonymous Symbol]                       0x00001548   Section        0  fsl_flexcomm.o(.text.FLEXCOMM8_DriverIRQHandler)
    [Anonymous Symbol]                       0x00001580   Section        0  fsl_flexcomm.o(.text.FLEXCOMM_Init)
    s_flexcommResets                         0x0000166c   Number         0  fsl_flexcomm.o(.text.FLEXCOMM_Init)
    [Anonymous Symbol]                       0x00001690   Section        0  fsl_gpio.o(.text.GPIO_PinInit)
    [Anonymous Symbol]                       0x0000176c   Section        0  fsl_gpio.o(.text.GPIO_PortInit)
    s_gpioResets                             0x00001800   Number         0  fsl_gpio.o(.text.GPIO_PortInit)
    [Anonymous Symbol]                       0x00001810   Section        0  fsl_adapter_usart.o(.text.HAL_UartInit)
    [Anonymous Symbol]                       0x000018f4   Section        0  fsl_adapter_usart.o(.text.HAL_UartReceiveBlocking)
    [Anonymous Symbol]                       0x00001960   Section        0  fsl_adapter_usart.o(.text.HAL_UartSendBlocking)
    [Anonymous Symbol]                       0x000019c8   Section        0  main.o(.text.HardFault_Handler)
    [Anonymous Symbol]                       0x000019f4   Section        0  fsl_power.o(.text.POWER_PowerInit)
    [Anonymous Symbol]                       0x00001a54   Section        0  fsl_power.o(.text.POWER_SetVoltageForFreq)
    POWER_SetVoltageForProcess               0x00001b49   Thumb Code   950  fsl_power.o(.text.POWER_SetVoltageForProcess)
    [Anonymous Symbol]                       0x00001b48   Section        0  fsl_power.o(.text.POWER_SetVoltageForProcess)
    [Anonymous Symbol]                       0x00001f00   Section        0  fsl_reset.o(.text.RESET_ClearPeripheralReset)
    [Anonymous Symbol]                       0x00001f44   Section        0  fsl_reset.o(.text.RESET_PeripheralReset)
    [Anonymous Symbol]                       0x00001f98   Section        0  system_lpc55s36.o(.text.SystemInit)
    [Anonymous Symbol]                       0x0000200c   Section        0  system_lpc55s36.o(.text.SystemInitHook)
    [Anonymous Symbol]                       0x00002010   Section        0  fsl_usart.o(.text.USART_GetDefaultConfig)
    [Anonymous Symbol]                       0x00002064   Section        0  fsl_usart.o(.text.USART_Init)
    [Anonymous Symbol]                       0x00002218   Section        0  fsl_usart.o(.text.USART_ReadBlocking)
    [Anonymous Symbol]                       0x000022c0   Section        0  fsl_usart.o(.text.USART_SetBaudRate)
    [Anonymous Symbol]                       0x000023b4   Section        0  fsl_usart.o(.text.USART_WriteBlocking)
    __NVIC_SystemReset                       0x00002401   Thumb Code    36  main.o(.text.__NVIC_SystemReset)
    [Anonymous Symbol]                       0x00002400   Section        0  main.o(.text.__NVIC_SystemReset)
    [Anonymous Symbol]                       0x00002424   Section        0  fsl_assert.o(.text.__aeabi_assert)
    [Anonymous Symbol]                       0x00002460   Section        0  crc32.o(.text.crc32_complete)
    [Anonymous Symbol]                       0x00002468   Section        0  crc32.o(.text.crc32_generate)
    [Anonymous Symbol]                       0x00002498   Section        0  crc32.o(.text.crc32_init)
    dec_cb                                   0x000024a1   Thumb Code    14  mcuboot.o(.text.dec_cb)
    [Anonymous Symbol]                       0x000024a0   Section        0  mcuboot.o(.text.dec_cb)
    [Anonymous Symbol]                       0x000024b0   Section        0  dimage.o(.text.dump_hdr)
    [Anonymous Symbol]                       0x0000254c   Section        0  fsl_debug_console.o(.text.fputc)
    [Anonymous Symbol]                       0x00002578   Section        0  dimage.o(.text.image_get_hdr)
    [Anonymous Symbol]                       0x000025a4   Section        0  dimage.o(.text.image_scan)
    [Anonymous Symbol]                       0x000027e8   Section        0  kptl.o(.text.kptl_create_ack)
    [Anonymous Symbol]                       0x000027f0   Section        0  kptl.o(.text.kptl_create_cmd_packet)
    [Anonymous Symbol]                       0x0000286c   Section        0  kptl.o(.text.kptl_create_generic_resp_packet)
    [Anonymous Symbol]                       0x0000288c   Section        0  kptl.o(.text.kptl_create_ping_resp_packet)
    [Anonymous Symbol]                       0x000028e0   Section        0  kptl.o(.text.kptl_create_property_resp_packet)
    [Anonymous Symbol]                       0x00002900   Section        0  kptl.o(.text.kptl_decode)
    [Anonymous Symbol]                       0x00002aa8   Section        0  kptl.o(.text.kptl_decode_init)
    [Anonymous Symbol]                       0x00002acc   Section        0  kptl.o(.text.kptl_frame_packet_final)
    [Anonymous Symbol]                       0x00002b70   Section        0  kptl.o(.text.kptl_frame_packet_get_size)
    [Anonymous Symbol]                       0x00002b78   Section        0  main.o(.text.main)
    mcuboot_complete                         0x00002f39   Thumb Code    30  main.o(.text.mcuboot_complete)
    [Anonymous Symbol]                       0x00002f38   Section        0  main.o(.text.mcuboot_complete)
    [Anonymous Symbol]                       0x00002f58   Section        0  mcuboot.o(.text.mcuboot_init)
    mcuboot_jump                             0x00002f7d   Thumb Code    70  main.o(.text.mcuboot_jump)
    [Anonymous Symbol]                       0x00002f7c   Section        0  main.o(.text.mcuboot_jump)
    [Anonymous Symbol]                       0x00002fc4   Section        0  mcuboot.o(.text.mcuboot_proc)
    [Anonymous Symbol]                       0x000031dc   Section        0  mcuboot.o(.text.mcuboot_recv)
    mcuboot_reset                            0x000031fd   Thumb Code     4  main.o(.text.mcuboot_reset)
    [Anonymous Symbol]                       0x000031fc   Section        0  main.o(.text.mcuboot_reset)
    mcuboot_send                             0x00003201   Thumb Code    22  main.o(.text.mcuboot_send)
    [Anonymous Symbol]                       0x00003200   Section        0  main.o(.text.mcuboot_send)
    [Anonymous Symbol]                       0x00003218   Section        0  memory.o(.text.memory_copy)
    [Anonymous Symbol]                       0x0000331c   Section        0  memory.o(.text.memory_erase)
    [Anonymous Symbol]                       0x00003334   Section        0  memory.o(.text.memory_init)
    [Anonymous Symbol]                       0x00003360   Section        0  memory.o(.text.memory_read)
    [Anonymous Symbol]                       0x00003374   Section        0  memory.o(.text.memory_write)
    [Anonymous Symbol]                       0x000033b0   Section        0  sbl_api.o(.text.reinvoke)
    [Anonymous Symbol]                       0x000033dc   Section        0  sbl_api.o(.text.sbl_nvm_init)
    [Anonymous Symbol]                       0x00003420   Section        0  sbl_api.o(.text.sbl_nvm_write)
    [Anonymous Symbol]                       0x00003440   Section        0  sbl_api.o(.text.set_update_flag)
    [Anonymous Symbol]                       0x00003474   Section        0  sbl_api.o(.text.test)
    i.__0printf$8                            0x00003478   Section        0  printf8.o(i.__0printf$8)
    i.__scatterload_copy                     0x00003498   Section       14  handlers.o(i.__scatterload_copy)
    i.__scatterload_null                     0x000034a6   Section        2  handlers.o(i.__scatterload_null)
    i.__scatterload_zeroinit                 0x000034a8   Section       14  handlers.o(i.__scatterload_zeroinit)
    _printf_core                             0x000034b9   Thumb Code   996  printf8.o(i._printf_core)
    i._printf_core                           0x000034b8   Section        0  printf8.o(i._printf_core)
    _printf_post_padding                     0x000038c9   Thumb Code    36  printf8.o(i._printf_post_padding)
    i._printf_post_padding                   0x000038c8   Section        0  printf8.o(i._printf_post_padding)
    _printf_pre_padding                      0x000038ed   Thumb Code    46  printf8.o(i._printf_pre_padding)
    i._printf_pre_padding                    0x000038ec   Section        0  printf8.o(i._printf_pre_padding)
    IntervalList                             0x0000391c   Data          96  fsl_clock.o(.rodata.IntervalList)
    [Anonymous Symbol]                       0x0000391c   Section        0  fsl_clock.o(.rodata.IntervalList)
    crc32table                               0x0000397c   Data        1024  crc32.o(.rodata.crc32table)
    [Anonymous Symbol]                       0x0000397c   Section        0  crc32.o(.rodata.crc32table)
    s_UsartAdapterBase                       0x00003d7c   Data          32  fsl_adapter_usart.o(.rodata.cst32)
    [Anonymous Symbol]                       0x00003d7c   Section        0  fsl_adapter_usart.o(.rodata.cst32)
    s_gpioClockName                          0x00003d9c   Data           8  fsl_gpio.o(.rodata.cst8)
    [Anonymous Symbol]                       0x00003d9c   Section        0  fsl_gpio.o(.rodata.cst8)
    s_flexcommBaseAddrs                      0x00003da4   Data          36  fsl_flexcomm.o(.rodata.s_flexcommBaseAddrs)
    [Anonymous Symbol]                       0x00003da4   Section        0  fsl_flexcomm.o(.rodata.s_flexcommBaseAddrs)
    s_flexcommClocks                         0x00003dc8   Data          18  fsl_flexcomm.o(.rodata.s_flexcommClocks)
    [Anonymous Symbol]                       0x00003dc8   Section        0  fsl_flexcomm.o(.rodata.s_flexcommClocks)
    .L.str.5                                 0x00003dda   Data          22  main.o(.rodata.str1.1)
    [Anonymous Symbol]                       0x00003dda   Section        0  main.o(.rodata.str1.1)
    .L.str.11                                0x00003df0   Data          22  main.o(.rodata.str1.1)
    .L.str.9                                 0x00003e06   Data          50  main.o(.rodata.str1.1)
    .L.str.10                                0x00003e38   Data          72  main.o(.rodata.str1.1)
    .L.str.8                                 0x00003e80   Data          40  main.o(.rodata.str1.1)
    .L.str                                   0x00003ea8   Data          35  fsl_gpio.o(.rodata.str1.1)
    [Anonymous Symbol]                       0x00003ea8   Section        0  fsl_gpio.o(.rodata.str1.1)
    .L.str.1                                 0x00003ecb   Data          51  fsl_gpio.o(.rodata.str1.1)
    .L.str                                   0x00003efe   Data          42  fsl_usart.o(.rodata.str1.1)
    .L.str.9                                 0x00003efe   Data          36  fsl_usart.o(.rodata.str1.1)
    [Anonymous Symbol]                       0x00003efe   Section        0  fsl_usart.o(.rodata.str1.1)
    .L.str.7                                 0x00003f22   Data          65  fsl_usart.o(.rodata.str1.1)
    .L.str.2                                 0x00003f5c   Data          15  fsl_usart.o(.rodata.str1.1)
    .L.str.1                                 0x00003f63   Data          52  fsl_usart.o(.rodata.str1.1)
    .L.str.3                                 0x00003f6b   Data          13  fsl_usart.o(.rodata.str1.1)
    .L.str.2                                 0x00003f97   Data          39  fsl_flexcomm.o(.rodata.str1.1)
    [Anonymous Symbol]                       0x00003f97   Section        0  fsl_flexcomm.o(.rodata.str1.1)
    .L.str.8                                 0x00003fb9   Data          13  fsl_usart.o(.rodata.str1.1)
    .L.str                                   0x00003fbe   Data          45  fsl_flexcomm.o(.rodata.str1.1)
    .L.str.11                                0x00003fea   Data          56  fsl_usart.o(.rodata.str1.1)
    .L.str.1                                 0x00003feb   Data          55  fsl_flexcomm.o(.rodata.str1.1)
    .L.str.1                                 0x00004022   Data          52  fsl_reset.o(.rodata.str1.1)
    .L.str.13                                0x00004022   Data          14  fsl_usart.o(.rodata.str1.1)
    [Anonymous Symbol]                       0x00004022   Section        0  fsl_reset.o(.rodata.str1.1)
    .L.str                                   0x00004056   Data          13  fsl_reset.o(.rodata.str1.1)
    .L.str.5                                 0x00004063   Data          71  fsl_adapter_usart.o(.rodata.str1.1)
    [Anonymous Symbol]                       0x00004063   Section        0  fsl_adapter_usart.o(.rodata.str1.1)
    .L.str.2                                 0x000040aa   Data           5  fsl_adapter_usart.o(.rodata.str1.1)
    .L.str.1                                 0x000040af   Data          51  fsl_adapter_usart.o(.rodata.str1.1)
    .L.str                                   0x000040e2   Data           7  fsl_adapter_usart.o(.rodata.str1.1)
    .L.str.3                                 0x000040e9   Data           7  fsl_adapter_usart.o(.rodata.str1.1)
    .L.str                                   0x000040f0   Data          16  dimage.o(.rodata.str1.1)
    [Anonymous Symbol]                       0x000040f0   Section        0  dimage.o(.rodata.str1.1)
    s_Ext_Clk_Freq                           0x20000004   Data           4  fsl_clock.o(.data.s_Ext_Clk_Freq)
    [Anonymous Symbol]                       0x20000004   Section        0  fsl_clock.o(.data.s_Ext_Clk_Freq)
    evt                                      0x20000254   Data           1  mcuboot.o(.bss.evt)
    [Anonymous Symbol]                       0x20000254   Section        0  mcuboot.o(.bss.evt)
    flashInstance                            0x20000258   Data          68  memory.o(.bss.flashInstance)
    [Anonymous Symbol]                       0x20000258   Section        0  memory.o(.bss.flashInstance)
    mcuboot                                  0x2000029c   Data        1120  main.o(.bss.mcuboot)
    [Anonymous Symbol]                       0x2000029c   Section        0  main.o(.bss.mcuboot)
    memory_write.tmp_buf                     0x20000800   Data         512  memory.o(.bss.memory_write.tmp_buf)
    [Anonymous Symbol]                       0x20000800   Section        0  memory.o(.bss.memory_write.tmp_buf)
    s_I2S_Mclk_Freq                          0x20000a04   Data           4  fsl_clock.o(.bss.s_I2S_Mclk_Freq)
    [Anonymous Symbol]                       0x20000a04   Section        0  fsl_clock.o(.bss.s_I2S_Mclk_Freq)
    s_Pll0_Freq                              0x20000a08   Data           4  fsl_clock.o(.bss.s_Pll0_Freq)
    [Anonymous Symbol]                       0x20000a08   Section        0  fsl_clock.o(.bss.s_Pll0_Freq)
    s_Pll1_Freq                              0x20000a0c   Data           4  fsl_clock.o(.bss.s_Pll1_Freq)
    [Anonymous Symbol]                       0x20000a0c   Section        0  fsl_clock.o(.bss.s_Pll1_Freq)
    s_debugConsole                           0x20000a10   Data          20  fsl_debug_console.o(.bss.s_debugConsole)
    [Anonymous Symbol]                       0x20000a10   Section        0  fsl_debug_console.o(.bss.s_debugConsole)
    s_flexcommHandle                         0x20000a24   Data          36  fsl_flexcomm.o(.bss.s_flexcommHandle)
    [Anonymous Symbol]                       0x20000a24   Section        0  fsl_flexcomm.o(.bss.s_flexcommHandle)
    s_flexcommIrqHandler                     0x20000a48   Data          36  fsl_flexcomm.o(.bss.s_flexcommIrqHandler)
    [Anonymous Symbol]                       0x20000a48   Section        0  fsl_flexcomm.o(.bss.s_flexcommIrqHandler)

    Global Symbols

    Symbol Name                              Value     Ov Type        Size  Object(Section)

    BuildAttributes$$THM_ISAv4$E$P$D$K$B$S$7EM$8M$VFPi5$EXTD16$VFPS$VFMA$PE$A:L22UL41UL21$X:L11$S22US41US21$IEEE1$IW$USESV6$~STKCKD$USESV7$~SHL$OTIME$ROPI$EBA8$MICROLIB$REQ8$PRES8$EABIv2 0x00000000   Number         0  anon$$obj.o ABSOLUTE
    __Vectors                                0x00000000   Number       544  startup_lpc55s36.o(.isr_vector)
    _printf_a                                0x00000000   Number         0  printfstubs.o ABSOLUTE
    _printf_c                                0x00000000   Number         0  printfstubs.o ABSOLUTE
    _printf_charcount                        0x00000000   Number         0  printfstubs.o ABSOLUTE
    _printf_d                                0x00000000   Number         0  printfstubs.o ABSOLUTE
    _printf_e                                0x00000000   Number         0  printfstubs.o ABSOLUTE
    _printf_f                                0x00000000   Number         0  printfstubs.o ABSOLUTE
    _printf_flags                            0x00000000   Number         0  printfstubs.o ABSOLUTE
    _printf_fp_dec                           0x00000000   Number         0  printfstubs.o ABSOLUTE
    _printf_fp_hex                           0x00000000   Number         0  printfstubs.o ABSOLUTE
    _printf_g                                0x00000000   Number         0  printfstubs.o ABSOLUTE
    _printf_i                                0x00000000   Number         0  printfstubs.o ABSOLUTE
    _printf_int_dec                          0x00000000   Number         0  printfstubs.o ABSOLUTE
    _printf_l                                0x00000000   Number         0  printfstubs.o ABSOLUTE
    _printf_lc                               0x00000000   Number         0  printfstubs.o ABSOLUTE
    _printf_ll                               0x00000000   Number         0  printfstubs.o ABSOLUTE
    _printf_lld                              0x00000000   Number         0  printfstubs.o ABSOLUTE
    _printf_lli                              0x00000000   Number         0  printfstubs.o ABSOLUTE
    _printf_llo                              0x00000000   Number         0  printfstubs.o ABSOLUTE
    _printf_llu                              0x00000000   Number         0  printfstubs.o ABSOLUTE
    _printf_llx                              0x00000000   Number         0  printfstubs.o ABSOLUTE
    _printf_longlong_dec                     0x00000000   Number         0  printfstubs.o ABSOLUTE
    _printf_longlong_hex                     0x00000000   Number         0  printfstubs.o ABSOLUTE
    _printf_longlong_oct                     0x00000000   Number         0  printfstubs.o ABSOLUTE
    _printf_ls                               0x00000000   Number         0  printfstubs.o ABSOLUTE
    _printf_mbtowc                           0x00000000   Number         0  printfstubs.o ABSOLUTE
    _printf_n                                0x00000000   Number         0  printfstubs.o ABSOLUTE
    _printf_o                                0x00000000   Number         0  printfstubs.o ABSOLUTE
    _printf_p                                0x00000000   Number         0  printfstubs.o ABSOLUTE
    _printf_percent                          0x00000000   Number         0  printfstubs.o ABSOLUTE
    _printf_pre_padding                      0x00000000   Number         0  printfstubs.o ABSOLUTE
    _printf_return_value                     0x00000000   Number         0  printfstubs.o ABSOLUTE
    _printf_s                                0x00000000   Number         0  printfstubs.o ABSOLUTE
    _printf_sizespec                         0x00000000   Number         0  printfstubs.o ABSOLUTE
    _printf_str                              0x00000000   Number         0  printfstubs.o ABSOLUTE
    _printf_truncate_signed                  0x00000000   Number         0  printfstubs.o ABSOLUTE
    _printf_truncate_unsigned                0x00000000   Number         0  printfstubs.o ABSOLUTE
    _printf_u                                0x00000000   Number         0  printfstubs.o ABSOLUTE
    _printf_wc                               0x00000000   Number         0  printfstubs.o ABSOLUTE
    _printf_wctomb                           0x00000000   Number         0  printfstubs.o ABSOLUTE
    _printf_widthprec                        0x00000000   Number         0  printfstubs.o ABSOLUTE
    _printf_x                                0x00000000   Number         0  printfstubs.o ABSOLUTE
    __cpp_initialize__aeabi_                  - Undefined Weak Reference
    __cxa_finalize                            - Undefined Weak Reference
    __decompress                              - Undefined Weak Reference
    _clock_init                               - Undefined Weak Reference
    _microlib_exit                            - Undefined Weak Reference
    sbl_api                                  0x00000400   Data          12  sbl_api.o(.ARM.__at_0x400)
    __main                                   0x0000040d   Thumb Code     0  entry.o(.ARM.Collect$$$$00000000)
    _main_stk                                0x0000040d   Thumb Code     0  entry4.o(.ARM.Collect$$$$00000003)
    _main_scatterload                        0x00000411   Thumb Code     0  entry5.o(.ARM.Collect$$$$00000004)
    __main_after_scatterload                 0x00000415   Thumb Code     0  entry5.o(.ARM.Collect$$$$00000004)
    _main_clock                              0x00000415   Thumb Code     0  entry7b.o(.ARM.Collect$$$$00000008)
    _main_cpp_init                           0x00000415   Thumb Code     0  entry8b.o(.ARM.Collect$$$$0000000A)
    _main_init                               0x00000415   Thumb Code     0  entry9a.o(.ARM.Collect$$$$0000000B)
    __rt_final_cpp                           0x0000041d   Thumb Code     0  entry10a.o(.ARM.Collect$$$$0000000D)
    __rt_final_exit                          0x0000041d   Thumb Code     0  entry11a.o(.ARM.Collect$$$$0000000F)
    Reset_Handler                            0x00000421   Thumb Code    32  startup_lpc55s36.o(.text)
    ACMP_DriverIRQHandler                    0x00000441   Thumb Code     4  startup_lpc55s36.o(.text)
    ADC0_DriverIRQHandler                    0x00000441   Thumb Code     4  startup_lpc55s36.o(.text)
    ADC1_DriverIRQHandler                    0x00000441   Thumb Code     4  startup_lpc55s36.o(.text)
    Analog_Glitch_DriverIRQHandler           0x00000441   Thumb Code     4  startup_lpc55s36.o(.text)
    BusFault_Handler                         0x00000441   Thumb Code     4  startup_lpc55s36.o(.text)
    CAN0_IRQ0_DriverIRQHandler               0x00000441   Thumb Code     4  startup_lpc55s36.o(.text)
    CAN0_IRQ1_DriverIRQHandler               0x00000441   Thumb Code     4  startup_lpc55s36.o(.text)
    CDOG_DriverIRQHandler                    0x00000441   Thumb Code     4  startup_lpc55s36.o(.text)
    CSSV2_ERR_DriverIRQHandler               0x00000441   Thumb Code     4  startup_lpc55s36.o(.text)
    CSS_IRQ1_DriverIRQHandler                0x00000441   Thumb Code     4  startup_lpc55s36.o(.text)
    CTIMER0_DriverIRQHandler                 0x00000441   Thumb Code     4  startup_lpc55s36.o(.text)
    CTIMER1_DriverIRQHandler                 0x00000441   Thumb Code     4  startup_lpc55s36.o(.text)
    CTIMER2_DriverIRQHandler                 0x00000441   Thumb Code     4  startup_lpc55s36.o(.text)
    CTIMER3_DriverIRQHandler                 0x00000441   Thumb Code     4  startup_lpc55s36.o(.text)
    CTIMER4_DriverIRQHandler                 0x00000441   Thumb Code     4  startup_lpc55s36.o(.text)
    DAC0_DriverIRQHandler                    0x00000441   Thumb Code     4  startup_lpc55s36.o(.text)
    DAC1_DriverIRQHandler                    0x00000441   Thumb Code     4  startup_lpc55s36.o(.text)
    DAC2_DriverIRQHandler                    0x00000441   Thumb Code     4  startup_lpc55s36.o(.text)
    DMA0_DriverIRQHandler                    0x00000441   Thumb Code     4  startup_lpc55s36.o(.text)
    DMA1_DriverIRQHandler                    0x00000441   Thumb Code     4  startup_lpc55s36.o(.text)
    DMIC_DriverIRQHandler                    0x00000441   Thumb Code     4  startup_lpc55s36.o(.text)
    DebugMon_Handler                         0x00000441   Thumb Code     4  startup_lpc55s36.o(.text)
    DefaultISR                               0x00000441   Thumb Code     4  startup_lpc55s36.o(.text)
    ENC0_COMPARE_DriverIRQHandler            0x00000441   Thumb Code     4  startup_lpc55s36.o(.text)
    ENC0_HOME_DriverIRQHandler               0x00000441   Thumb Code     4  startup_lpc55s36.o(.text)
    ENC0_IDX_DriverIRQHandler                0x00000441   Thumb Code     4  startup_lpc55s36.o(.text)
    ENC0_WDG_DriverIRQHandler                0x00000441   Thumb Code     4  startup_lpc55s36.o(.text)
    ENC1_COMPARE_DriverIRQHandler            0x00000441   Thumb Code     4  startup_lpc55s36.o(.text)
    ENC1_HOME_DriverIRQHandler               0x00000441   Thumb Code     4  startup_lpc55s36.o(.text)
    ENC1_IDX_DriverIRQHandler                0x00000441   Thumb Code     4  startup_lpc55s36.o(.text)
    ENC1_WDG_DriverIRQHandler                0x00000441   Thumb Code     4  startup_lpc55s36.o(.text)
    FLASH_DriverIRQHandler                   0x00000441   Thumb Code     4  startup_lpc55s36.o(.text)
    FLEXPWM0_CAPTURE_DriverIRQHandler        0x00000441   Thumb Code     4  startup_lpc55s36.o(.text)
    FLEXPWM0_COMPARE0_DriverIRQHandler       0x00000441   Thumb Code     4  startup_lpc55s36.o(.text)
    FLEXPWM0_COMPARE1_DriverIRQHandler       0x00000441   Thumb Code     4  startup_lpc55s36.o(.text)
    FLEXPWM0_COMPARE2_DriverIRQHandler       0x00000441   Thumb Code     4  startup_lpc55s36.o(.text)
    FLEXPWM0_COMPARE3_DriverIRQHandler       0x00000441   Thumb Code     4  startup_lpc55s36.o(.text)
    FLEXPWM0_FAULT_DriverIRQHandler          0x00000441   Thumb Code     4  startup_lpc55s36.o(.text)
    FLEXPWM0_RELOAD0_DriverIRQHandler        0x00000441   Thumb Code     4  startup_lpc55s36.o(.text)
    FLEXPWM0_RELOAD1_DriverIRQHandler        0x00000441   Thumb Code     4  startup_lpc55s36.o(.text)
    FLEXPWM0_RELOAD2_DriverIRQHandler        0x00000441   Thumb Code     4  startup_lpc55s36.o(.text)
    FLEXPWM0_RELOAD3_DriverIRQHandler        0x00000441   Thumb Code     4  startup_lpc55s36.o(.text)
    FLEXPWM0_RELOAD_ERROR_DriverIRQHandler   0x00000441   Thumb Code     4  startup_lpc55s36.o(.text)
    FLEXPWM1_CAPTURE_DriverIRQHandler        0x00000441   Thumb Code     4  startup_lpc55s36.o(.text)
    FLEXPWM1_COMPARE0_DriverIRQHandler       0x00000441   Thumb Code     4  startup_lpc55s36.o(.text)
    FLEXPWM1_COMPARE1_DriverIRQHandler       0x00000441   Thumb Code     4  startup_lpc55s36.o(.text)
    FLEXPWM1_COMPARE2_DriverIRQHandler       0x00000441   Thumb Code     4  startup_lpc55s36.o(.text)
    FLEXPWM1_COMPARE3_DriverIRQHandler       0x00000441   Thumb Code     4  startup_lpc55s36.o(.text)
    FLEXPWM1_FAULT_DriverIRQHandler          0x00000441   Thumb Code     4  startup_lpc55s36.o(.text)
    FLEXPWM1_RELOAD0_DriverIRQHandler        0x00000441   Thumb Code     4  startup_lpc55s36.o(.text)
    FLEXPWM1_RELOAD1_DriverIRQHandler        0x00000441   Thumb Code     4  startup_lpc55s36.o(.text)
    FLEXPWM1_RELOAD2_DriverIRQHandler        0x00000441   Thumb Code     4  startup_lpc55s36.o(.text)
    FLEXPWM1_RELOAD3_DriverIRQHandler        0x00000441   Thumb Code     4  startup_lpc55s36.o(.text)
    FLEXPWM1_RELOAD_ERROR_DriverIRQHandler   0x00000441   Thumb Code     4  startup_lpc55s36.o(.text)
    FlexSPI0_DriverIRQHandler                0x00000441   Thumb Code     4  startup_lpc55s36.o(.text)
    Freqme_DriverIRQHandler                  0x00000441   Thumb Code     4  startup_lpc55s36.o(.text)
    GINT0_DriverIRQHandler                   0x00000441   Thumb Code     4  startup_lpc55s36.o(.text)
    GINT1_DriverIRQHandler                   0x00000441   Thumb Code     4  startup_lpc55s36.o(.text)
    HSCMP0_DriverIRQHandler                  0x00000441   Thumb Code     4  startup_lpc55s36.o(.text)
    HSCMP1_DriverIRQHandler                  0x00000441   Thumb Code     4  startup_lpc55s36.o(.text)
    HSCMP2_DriverIRQHandler                  0x00000441   Thumb Code     4  startup_lpc55s36.o(.text)
    HWVAD0_DriverIRQHandler                  0x00000441   Thumb Code     4  startup_lpc55s36.o(.text)
    I3C_DriverIRQHandler                     0x00000441   Thumb Code     4  startup_lpc55s36.o(.text)
    ITRC_DriverIRQHandler                    0x00000441   Thumb Code     4  startup_lpc55s36.o(.text)
    MRT0_DriverIRQHandler                    0x00000441   Thumb Code     4  startup_lpc55s36.o(.text)
    MemManage_Handler                        0x00000441   Thumb Code     4  startup_lpc55s36.o(.text)
    OS_EVENT_DriverIRQHandler                0x00000441   Thumb Code     4  startup_lpc55s36.o(.text)
    PIN_INT0_DriverIRQHandler                0x00000441   Thumb Code     4  startup_lpc55s36.o(.text)
    PIN_INT1_DriverIRQHandler                0x00000441   Thumb Code     4  startup_lpc55s36.o(.text)
    PIN_INT2_DriverIRQHandler                0x00000441   Thumb Code     4  startup_lpc55s36.o(.text)
    PIN_INT3_DriverIRQHandler                0x00000441   Thumb Code     4  startup_lpc55s36.o(.text)
    PIN_INT4_DriverIRQHandler                0x00000441   Thumb Code     4  startup_lpc55s36.o(.text)
    PIN_INT5_DriverIRQHandler                0x00000441   Thumb Code     4  startup_lpc55s36.o(.text)
    PIN_INT6_DriverIRQHandler                0x00000441   Thumb Code     4  startup_lpc55s36.o(.text)
    PIN_INT7_DriverIRQHandler                0x00000441   Thumb Code     4  startup_lpc55s36.o(.text)
    PKC_DriverIRQHandler                     0x00000441   Thumb Code     4  startup_lpc55s36.o(.text)
    PKC_ERR_DriverIRQHandler                 0x00000441   Thumb Code     4  startup_lpc55s36.o(.text)
    POWERQUAD_DriverIRQHandler               0x00000441   Thumb Code     4  startup_lpc55s36.o(.text)
    PUF_DriverIRQHandler                     0x00000441   Thumb Code     4  startup_lpc55s36.o(.text)
    RAM_PARITY_ECC_ERR_DriverIRQHandler      0x00000441   Thumb Code     4  startup_lpc55s36.o(.text)
    RTC_DriverIRQHandler                     0x00000441   Thumb Code     4  startup_lpc55s36.o(.text)
    Reserved127_DriverIRQHandler             0x00000441   Thumb Code     4  startup_lpc55s36.o(.text)
    Reserved130_DriverIRQHandler             0x00000441   Thumb Code     4  startup_lpc55s36.o(.text)
    Reserved131_DriverIRQHandler             0x00000441   Thumb Code     4  startup_lpc55s36.o(.text)
    Reserved132_DriverIRQHandler             0x00000441   Thumb Code     4  startup_lpc55s36.o(.text)
    Reserved133_DriverIRQHandler             0x00000441   Thumb Code     4  startup_lpc55s36.o(.text)
    Reserved46_DriverIRQHandler              0x00000441   Thumb Code     4  startup_lpc55s36.o(.text)
    Reserved56_DriverIRQHandler              0x00000441   Thumb Code     4  startup_lpc55s36.o(.text)
    Reserved57_DriverIRQHandler              0x00000441   Thumb Code     4  startup_lpc55s36.o(.text)
    Reserved58_DriverIRQHandler              0x00000441   Thumb Code     4  startup_lpc55s36.o(.text)
    Reserved62_DriverIRQHandler              0x00000441   Thumb Code     4  startup_lpc55s36.o(.text)
    Reserved63_DriverIRQHandler              0x00000441   Thumb Code     4  startup_lpc55s36.o(.text)
    Reserved64_DriverIRQHandler              0x00000441   Thumb Code     4  startup_lpc55s36.o(.text)
    Reserved77_DriverIRQHandler              0x00000441   Thumb Code     4  startup_lpc55s36.o(.text)
    Reserved79_DriverIRQHandler              0x00000441   Thumb Code     4  startup_lpc55s36.o(.text)
    Reserved80_DriverIRQHandler              0x00000441   Thumb Code     4  startup_lpc55s36.o(.text)
    Reserved84_DriverIRQHandler              0x00000441   Thumb Code     4  startup_lpc55s36.o(.text)
    Reserved85_DriverIRQHandler              0x00000441   Thumb Code     4  startup_lpc55s36.o(.text)
    Reserved86_DriverIRQHandler              0x00000441   Thumb Code     4  startup_lpc55s36.o(.text)
    Reserved87_DriverIRQHandler              0x00000441   Thumb Code     4  startup_lpc55s36.o(.text)
    Reserved88_DriverIRQHandler              0x00000441   Thumb Code     4  startup_lpc55s36.o(.text)
    Reserved89_DriverIRQHandler              0x00000441   Thumb Code     4  startup_lpc55s36.o(.text)
    SCT0_DriverIRQHandler                    0x00000441   Thumb Code     4  startup_lpc55s36.o(.text)
    SEC_GPIO_INT0_IRQ0_DriverIRQHandler      0x00000441   Thumb Code     4  startup_lpc55s36.o(.text)
    SEC_GPIO_INT0_IRQ1_DriverIRQHandler      0x00000441   Thumb Code     4  startup_lpc55s36.o(.text)
    SEC_HYPERVISOR_CALL_DriverIRQHandler     0x00000441   Thumb Code     4  startup_lpc55s36.o(.text)
    SEC_VIO_DriverIRQHandler                 0x00000441   Thumb Code     4  startup_lpc55s36.o(.text)
    SHA_DriverIRQHandler                     0x00000441   Thumb Code     4  startup_lpc55s36.o(.text)
    SPI_FILTER_DriverIRQHandler              0x00000441   Thumb Code     4  startup_lpc55s36.o(.text)
    SecureFault_Handler                      0x00000441   Thumb Code     4  startup_lpc55s36.o(.text)
    Tamper_DriverIRQHandler                  0x00000441   Thumb Code     4  startup_lpc55s36.o(.text)
    USB0_DriverIRQHandler                    0x00000441   Thumb Code     4  startup_lpc55s36.o(.text)
    USB0_NEEDCLK_DriverIRQHandler            0x00000441   Thumb Code     4  startup_lpc55s36.o(.text)
    UTICK0_DriverIRQHandler                  0x00000441   Thumb Code     4  startup_lpc55s36.o(.text)
    UsageFault_Handler                       0x00000441   Thumb Code     4  startup_lpc55s36.o(.text)
    WAKEUP_DriverIRQHandler                  0x00000441   Thumb Code     4  startup_lpc55s36.o(.text)
    WDT_BOD_DriverIRQHandler                 0x00000441   Thumb Code     4  startup_lpc55s36.o(.text)
    NMI_Handler                              0x00000445   Thumb Code     4  startup_lpc55s36.o(.text)
    SVC_Handler                              0x0000044d   Thumb Code     4  startup_lpc55s36.o(.text)
    PendSV_Handler                           0x00000451   Thumb Code     4  startup_lpc55s36.o(.text)
    SysTick_Handler                          0x00000455   Thumb Code     4  startup_lpc55s36.o(.text)
    WDT_BOD_IRQHandler                       0x00000459   Thumb Code     4  startup_lpc55s36.o(.text)
    DMA0_IRQHandler                          0x0000045d   Thumb Code     4  startup_lpc55s36.o(.text)
    GINT0_IRQHandler                         0x00000461   Thumb Code     4  startup_lpc55s36.o(.text)
    GINT1_IRQHandler                         0x00000465   Thumb Code     4  startup_lpc55s36.o(.text)
    PIN_INT0_IRQHandler                      0x00000469   Thumb Code     4  startup_lpc55s36.o(.text)
    PIN_INT1_IRQHandler                      0x0000046d   Thumb Code     4  startup_lpc55s36.o(.text)
    PIN_INT2_IRQHandler                      0x00000471   Thumb Code     4  startup_lpc55s36.o(.text)
    PIN_INT3_IRQHandler                      0x00000475   Thumb Code     4  startup_lpc55s36.o(.text)
    UTICK0_IRQHandler                        0x00000479   Thumb Code     4  startup_lpc55s36.o(.text)
    MRT0_IRQHandler                          0x0000047d   Thumb Code     4  startup_lpc55s36.o(.text)
    CTIMER0_IRQHandler                       0x00000481   Thumb Code     4  startup_lpc55s36.o(.text)
    CTIMER1_IRQHandler                       0x00000485   Thumb Code     4  startup_lpc55s36.o(.text)
    SCT0_IRQHandler                          0x00000489   Thumb Code     4  startup_lpc55s36.o(.text)
    CTIMER3_IRQHandler                       0x0000048d   Thumb Code     4  startup_lpc55s36.o(.text)
    FLEXCOMM1_IRQHandler                     0x00000495   Thumb Code     4  startup_lpc55s36.o(.text)
    FLEXCOMM2_IRQHandler                     0x00000499   Thumb Code     4  startup_lpc55s36.o(.text)
    FLEXCOMM3_IRQHandler                     0x0000049d   Thumb Code     4  startup_lpc55s36.o(.text)
    FLEXCOMM4_IRQHandler                     0x000004a1   Thumb Code     4  startup_lpc55s36.o(.text)
    FLEXCOMM5_IRQHandler                     0x000004a5   Thumb Code     4  startup_lpc55s36.o(.text)
    FLEXCOMM6_IRQHandler                     0x000004a9   Thumb Code     4  startup_lpc55s36.o(.text)
    FLEXCOMM7_IRQHandler                     0x000004ad   Thumb Code     4  startup_lpc55s36.o(.text)
    ADC0_IRQHandler                          0x000004b1   Thumb Code     4  startup_lpc55s36.o(.text)
    ADC1_IRQHandler                          0x000004b5   Thumb Code     4  startup_lpc55s36.o(.text)
    ACMP_IRQHandler                          0x000004b9   Thumb Code     4  startup_lpc55s36.o(.text)
    DMIC_IRQHandler                          0x000004bd   Thumb Code     4  startup_lpc55s36.o(.text)
    HWVAD0_IRQHandler                        0x000004c1   Thumb Code     4  startup_lpc55s36.o(.text)
    USB0_NEEDCLK_IRQHandler                  0x000004c5   Thumb Code     4  startup_lpc55s36.o(.text)
    USB0_IRQHandler                          0x000004c9   Thumb Code     4  startup_lpc55s36.o(.text)
    RTC_IRQHandler                           0x000004cd   Thumb Code     4  startup_lpc55s36.o(.text)
    Reserved46_IRQHandler                    0x000004d1   Thumb Code     4  startup_lpc55s36.o(.text)
    WAKEUP_IRQHandler                        0x000004d5   Thumb Code     4  startup_lpc55s36.o(.text)
    PIN_INT4_IRQHandler                      0x000004d9   Thumb Code     4  startup_lpc55s36.o(.text)
    PIN_INT5_IRQHandler                      0x000004dd   Thumb Code     4  startup_lpc55s36.o(.text)
    PIN_INT6_IRQHandler                      0x000004e1   Thumb Code     4  startup_lpc55s36.o(.text)
    PIN_INT7_IRQHandler                      0x000004e5   Thumb Code     4  startup_lpc55s36.o(.text)
    CTIMER2_IRQHandler                       0x000004e9   Thumb Code     4  startup_lpc55s36.o(.text)
    CTIMER4_IRQHandler                       0x000004ed   Thumb Code     4  startup_lpc55s36.o(.text)
    OS_EVENT_IRQHandler                      0x000004f1   Thumb Code     4  startup_lpc55s36.o(.text)
    FlexSPI0_IRQHandler                      0x000004f5   Thumb Code     4  startup_lpc55s36.o(.text)
    Reserved56_IRQHandler                    0x000004f9   Thumb Code     4  startup_lpc55s36.o(.text)
    Reserved57_IRQHandler                    0x000004fd   Thumb Code     4  startup_lpc55s36.o(.text)
    Reserved58_IRQHandler                    0x00000501   Thumb Code     4  startup_lpc55s36.o(.text)
    CAN0_IRQ0_IRQHandler                     0x00000505   Thumb Code     4  startup_lpc55s36.o(.text)
    CAN0_IRQ1_IRQHandler                     0x00000509   Thumb Code     4  startup_lpc55s36.o(.text)
    SPI_FILTER_IRQHandler                    0x0000050d   Thumb Code     4  startup_lpc55s36.o(.text)
    Reserved62_IRQHandler                    0x00000511   Thumb Code     4  startup_lpc55s36.o(.text)
    Reserved63_IRQHandler                    0x00000515   Thumb Code     4  startup_lpc55s36.o(.text)
    Reserved64_IRQHandler                    0x00000519   Thumb Code     4  startup_lpc55s36.o(.text)
    SEC_HYPERVISOR_CALL_IRQHandler           0x0000051d   Thumb Code     4  startup_lpc55s36.o(.text)
    SEC_GPIO_INT0_IRQ0_IRQHandler            0x00000521   Thumb Code     4  startup_lpc55s36.o(.text)
    SEC_GPIO_INT0_IRQ1_IRQHandler            0x00000525   Thumb Code     4  startup_lpc55s36.o(.text)
    Freqme_IRQHandler                        0x00000529   Thumb Code     4  startup_lpc55s36.o(.text)
    SEC_VIO_IRQHandler                       0x0000052d   Thumb Code     4  startup_lpc55s36.o(.text)
    SHA_IRQHandler                           0x00000531   Thumb Code     4  startup_lpc55s36.o(.text)
    PKC_IRQHandler                           0x00000535   Thumb Code     4  startup_lpc55s36.o(.text)
    PUF_IRQHandler                           0x00000539   Thumb Code     4  startup_lpc55s36.o(.text)
    POWERQUAD_IRQHandler                     0x0000053d   Thumb Code     4  startup_lpc55s36.o(.text)
    DMA1_IRQHandler                          0x00000541   Thumb Code     4  startup_lpc55s36.o(.text)
    FLEXCOMM8_IRQHandler                     0x00000545   Thumb Code     4  startup_lpc55s36.o(.text)
    CDOG_IRQHandler                          0x00000549   Thumb Code     4  startup_lpc55s36.o(.text)
    Reserved77_IRQHandler                    0x0000054d   Thumb Code     4  startup_lpc55s36.o(.text)
    I3C_IRQHandler                           0x00000551   Thumb Code     4  startup_lpc55s36.o(.text)
    Reserved79_IRQHandler                    0x00000555   Thumb Code     4  startup_lpc55s36.o(.text)
    Reserved80_IRQHandler                    0x00000559   Thumb Code     4  startup_lpc55s36.o(.text)
    CSS_IRQ1_IRQHandler                      0x0000055d   Thumb Code     4  startup_lpc55s36.o(.text)
    Tamper_IRQHandler                        0x00000561   Thumb Code     4  startup_lpc55s36.o(.text)
    Analog_Glitch_IRQHandler                 0x00000565   Thumb Code     4  startup_lpc55s36.o(.text)
    Reserved84_IRQHandler                    0x00000569   Thumb Code     4  startup_lpc55s36.o(.text)
    Reserved85_IRQHandler                    0x0000056d   Thumb Code     4  startup_lpc55s36.o(.text)
    Reserved86_IRQHandler                    0x00000571   Thumb Code     4  startup_lpc55s36.o(.text)
    Reserved87_IRQHandler                    0x00000575   Thumb Code     4  startup_lpc55s36.o(.text)
    Reserved88_IRQHandler                    0x00000579   Thumb Code     4  startup_lpc55s36.o(.text)
    Reserved89_IRQHandler                    0x0000057d   Thumb Code     4  startup_lpc55s36.o(.text)
    DAC0_IRQHandler                          0x00000581   Thumb Code     4  startup_lpc55s36.o(.text)
    DAC1_IRQHandler                          0x00000585   Thumb Code     4  startup_lpc55s36.o(.text)
    DAC2_IRQHandler                          0x00000589   Thumb Code     4  startup_lpc55s36.o(.text)
    HSCMP0_IRQHandler                        0x0000058d   Thumb Code     4  startup_lpc55s36.o(.text)
    HSCMP1_IRQHandler                        0x00000591   Thumb Code     4  startup_lpc55s36.o(.text)
    HSCMP2_IRQHandler                        0x00000595   Thumb Code     4  startup_lpc55s36.o(.text)
    FLEXPWM0_CAPTURE_IRQHandler              0x00000599   Thumb Code     4  startup_lpc55s36.o(.text)
    FLEXPWM0_FAULT_IRQHandler                0x0000059d   Thumb Code     4  startup_lpc55s36.o(.text)
    FLEXPWM0_RELOAD_ERROR_IRQHandler         0x000005a1   Thumb Code     4  startup_lpc55s36.o(.text)
    FLEXPWM0_COMPARE0_IRQHandler             0x000005a5   Thumb Code     4  startup_lpc55s36.o(.text)
    FLEXPWM0_RELOAD0_IRQHandler              0x000005a9   Thumb Code     4  startup_lpc55s36.o(.text)
    FLEXPWM0_COMPARE1_IRQHandler             0x000005ad   Thumb Code     4  startup_lpc55s36.o(.text)
    FLEXPWM0_RELOAD1_IRQHandler              0x000005b1   Thumb Code     4  startup_lpc55s36.o(.text)
    FLEXPWM0_COMPARE2_IRQHandler             0x000005b5   Thumb Code     4  startup_lpc55s36.o(.text)
    FLEXPWM0_RELOAD2_IRQHandler              0x000005b9   Thumb Code     4  startup_lpc55s36.o(.text)
    FLEXPWM0_COMPARE3_IRQHandler             0x000005bd   Thumb Code     4  startup_lpc55s36.o(.text)
    FLEXPWM0_RELOAD3_IRQHandler              0x000005c1   Thumb Code     4  startup_lpc55s36.o(.text)
    FLEXPWM1_CAPTURE_IRQHandler              0x000005c5   Thumb Code     4  startup_lpc55s36.o(.text)
    FLEXPWM1_FAULT_IRQHandler                0x000005c9   Thumb Code     4  startup_lpc55s36.o(.text)
    FLEXPWM1_RELOAD_ERROR_IRQHandler         0x000005cd   Thumb Code     4  startup_lpc55s36.o(.text)
    FLEXPWM1_COMPARE0_IRQHandler             0x000005d1   Thumb Code     4  startup_lpc55s36.o(.text)
    FLEXPWM1_RELOAD0_IRQHandler              0x000005d5   Thumb Code     4  startup_lpc55s36.o(.text)
    FLEXPWM1_COMPARE1_IRQHandler             0x000005d9   Thumb Code     4  startup_lpc55s36.o(.text)
    FLEXPWM1_RELOAD1_IRQHandler              0x000005dd   Thumb Code     4  startup_lpc55s36.o(.text)
    FLEXPWM1_COMPARE2_IRQHandler             0x000005e1   Thumb Code     4  startup_lpc55s36.o(.text)
    FLEXPWM1_RELOAD2_IRQHandler              0x000005e5   Thumb Code     4  startup_lpc55s36.o(.text)
    FLEXPWM1_COMPARE3_IRQHandler             0x000005e9   Thumb Code     4  startup_lpc55s36.o(.text)
    FLEXPWM1_RELOAD3_IRQHandler              0x000005ed   Thumb Code     4  startup_lpc55s36.o(.text)
    ENC0_COMPARE_IRQHandler                  0x000005f1   Thumb Code     4  startup_lpc55s36.o(.text)
    ENC0_HOME_IRQHandler                     0x000005f5   Thumb Code     4  startup_lpc55s36.o(.text)
    ENC0_WDG_IRQHandler                      0x000005f9   Thumb Code     4  startup_lpc55s36.o(.text)
    ENC0_IDX_IRQHandler                      0x000005fd   Thumb Code     4  startup_lpc55s36.o(.text)
    ENC1_COMPARE_IRQHandler                  0x00000601   Thumb Code     4  startup_lpc55s36.o(.text)
    ENC1_HOME_IRQHandler                     0x00000605   Thumb Code     4  startup_lpc55s36.o(.text)
    ENC1_WDG_IRQHandler                      0x00000609   Thumb Code     4  startup_lpc55s36.o(.text)
    ENC1_IDX_IRQHandler                      0x0000060d   Thumb Code     4  startup_lpc55s36.o(.text)
    ITRC_IRQHandler                          0x00000611   Thumb Code     4  startup_lpc55s36.o(.text)
    Reserved127_IRQHandler                   0x00000615   Thumb Code     4  startup_lpc55s36.o(.text)
    CSSV2_ERR_IRQHandler                     0x00000619   Thumb Code     4  startup_lpc55s36.o(.text)
    PKC_ERR_IRQHandler                       0x0000061d   Thumb Code     4  startup_lpc55s36.o(.text)
    Reserved130_IRQHandler                   0x00000621   Thumb Code     4  startup_lpc55s36.o(.text)
    Reserved131_IRQHandler                   0x00000625   Thumb Code     4  startup_lpc55s36.o(.text)
    Reserved132_IRQHandler                   0x00000629   Thumb Code     4  startup_lpc55s36.o(.text)
    Reserved133_IRQHandler                   0x0000062d   Thumb Code     4  startup_lpc55s36.o(.text)
    FLASH_IRQHandler                         0x00000631   Thumb Code     4  startup_lpc55s36.o(.text)
    RAM_PARITY_ECC_ERR_IRQHandler            0x00000635   Thumb Code     4  startup_lpc55s36.o(.text)
    __aeabi_uldivmod                         0x0000082d   Thumb Code    98  uldiv.o(.text)
    ___aeabi_memcpy4$ret                     0x0000088f   Thumb Code     0  memcpy.o(.text)
    ___aeabi_memcpy8$ret                     0x0000088f   Thumb Code     0  memcpy.o(.text)
    __aeabi_memcpy                           0x0000088f   Thumb Code    40  memcpy.o(.text)
    memcpy                                   0x0000088f   Thumb Code     0  memcpy.o(.text)
    memset                                   0x000008b7   Thumb Code    18  memset.o(.text)
    strlen                                   0x000008c9   Thumb Code    14  strlen.o(.text)
    __aeabi_llsl                             0x000008d7   Thumb Code    30  llshl.o(.text)
    _ll_shift_l                              0x000008d7   Thumb Code     0  llshl.o(.text)
    __aeabi_llsr                             0x000008f5   Thumb Code    32  llushr.o(.text)
    _ll_ushift_r                             0x000008f5   Thumb Code     0  llushr.o(.text)
    __scatterload                            0x00000915   Thumb Code    28  init.o(.text)
    __scatterload_rt2                        0x00000915   Thumb Code     0  init.o(.text)
    BOARD_BootClockFROHF96M                  0x00000939   Thumb Code    98  clock_config.o(.text.BOARD_BootClockFROHF96M)
    BOARD_InitDebugConsole                   0x0000099d   Thumb Code    44  board.o(.text.BOARD_InitDebugConsole)
    BOARD_InitPins                           0x000009c9   Thumb Code    38  pin_mux.o(.text.BOARD_InitPins)
    CLOCK_AttachClk                          0x000009f1   Thumb Code   116  fsl_clock.o(.text.CLOCK_AttachClk)
    CLOCK_GetClockOutClkFreq                 0x00000a65   Thumb Code   192  fsl_clock.o(.text.CLOCK_GetClockOutClkFreq)
    CLOCK_GetCoreSysClkFreq                  0x00000b25   Thumb Code   216  fsl_clock.o(.text.CLOCK_GetCoreSysClkFreq)
    CLOCK_GetFreq                            0x00000bfd   Thumb Code   292  fsl_clock.o(.text.CLOCK_GetFreq)
    CLOCK_SetClkDiv                          0x00000d21   Thumb Code    58  fsl_clock.o(.text.CLOCK_SetClkDiv)
    CLOCK_SetFLASHAccessCyclesForFreq        0x00000d5d   Thumb Code   140  fsl_clock.o(.text.CLOCK_SetFLASHAccessCyclesForFreq)
    CLOCK_SetupFROClocking                   0x00000de9   Thumb Code   134  fsl_clock.o(.text.CLOCK_SetupFROClocking)
    DbgConsole_Init                          0x00000e71   Thumb Code    82  fsl_debug_console.o(.text.DbgConsole_Init)
    DbgConsole_Printf                        0x00000ec5   Thumb Code    32  fsl_debug_console.o(.text.DbgConsole_Printf)
    DbgConsole_Vprintf                       0x00000ee5   Thumb Code  1030  fsl_debug_console.o(.text.DbgConsole_Vprintf)
    FLASH_Erase                              0x000012ed   Thumb Code    18  fsl_flash.o(.text.FLASH_Erase)
    FLASH_Init                               0x00001301   Thumb Code    36  fsl_flash.o(.text.FLASH_Init)
    FLASH_Program                            0x00001325   Thumb Code    18  fsl_flash.o(.text.FLASH_Program)
    FLASH_Read                               0x00001339   Thumb Code    18  fsl_flash.o(.text.FLASH_Read)
    FLEXCOMM0_DriverIRQHandler               0x0000134d   Thumb Code    54  fsl_flexcomm.o(.text.FLEXCOMM0_DriverIRQHandler)
    FLEXCOMM0_IRQHandler                     0x00001385   Thumb Code    60  main.o(.text.FLEXCOMM0_IRQHandler)
    FLEXCOMM1_DriverIRQHandler               0x000013c1   Thumb Code    54  fsl_flexcomm.o(.text.FLEXCOMM1_DriverIRQHandler)
    FLEXCOMM2_DriverIRQHandler               0x000013f9   Thumb Code    54  fsl_flexcomm.o(.text.FLEXCOMM2_DriverIRQHandler)
    FLEXCOMM3_DriverIRQHandler               0x00001431   Thumb Code    54  fsl_flexcomm.o(.text.FLEXCOMM3_DriverIRQHandler)
    FLEXCOMM4_DriverIRQHandler               0x00001469   Thumb Code    54  fsl_flexcomm.o(.text.FLEXCOMM4_DriverIRQHandler)
    FLEXCOMM5_DriverIRQHandler               0x000014a1   Thumb Code    54  fsl_flexcomm.o(.text.FLEXCOMM5_DriverIRQHandler)
    FLEXCOMM6_DriverIRQHandler               0x000014d9   Thumb Code    56  fsl_flexcomm.o(.text.FLEXCOMM6_DriverIRQHandler)
    FLEXCOMM7_DriverIRQHandler               0x00001511   Thumb Code    56  fsl_flexcomm.o(.text.FLEXCOMM7_DriverIRQHandler)
    FLEXCOMM8_DriverIRQHandler               0x00001549   Thumb Code    56  fsl_flexcomm.o(.text.FLEXCOMM8_DriverIRQHandler)
    FLEXCOMM_Init                            0x00001581   Thumb Code   236  fsl_flexcomm.o(.text.FLEXCOMM_Init)
    GPIO_PinInit                             0x00001691   Thumb Code   218  fsl_gpio.o(.text.GPIO_PinInit)
    GPIO_PortInit                            0x0000176d   Thumb Code   148  fsl_gpio.o(.text.GPIO_PortInit)
    HAL_UartInit                             0x00001811   Thumb Code   220  fsl_adapter_usart.o(.text.HAL_UartInit)
    HAL_UartReceiveBlocking                  0x000018f5   Thumb Code   108  fsl_adapter_usart.o(.text.HAL_UartReceiveBlocking)
    HAL_UartSendBlocking                     0x00001961   Thumb Code   102  fsl_adapter_usart.o(.text.HAL_UartSendBlocking)
    HardFault_Handler                        0x000019c9   Thumb Code    12  main.o(.text.HardFault_Handler)
    POWER_PowerInit                          0x000019f5   Thumb Code    96  fsl_power.o(.text.POWER_PowerInit)
    POWER_SetVoltageForFreq                  0x00001a55   Thumb Code   244  fsl_power.o(.text.POWER_SetVoltageForFreq)
    RESET_ClearPeripheralReset               0x00001f01   Thumb Code    66  fsl_reset.o(.text.RESET_ClearPeripheralReset)
    RESET_PeripheralReset                    0x00001f45   Thumb Code    82  fsl_reset.o(.text.RESET_PeripheralReset)
    SystemInit                               0x00001f99   Thumb Code   114  system_lpc55s36.o(.text.SystemInit)
    SystemInitHook                           0x0000200d   Thumb Code     2  system_lpc55s36.o(.text.SystemInitHook)
    USART_GetDefaultConfig                   0x00002011   Thumb Code    68  fsl_usart.o(.text.USART_GetDefaultConfig)
    USART_Init                               0x00002065   Thumb Code   372  fsl_usart.o(.text.USART_Init)
    USART_ReadBlocking                       0x00002219   Thumb Code   166  fsl_usart.o(.text.USART_ReadBlocking)
    USART_SetBaudRate                        0x000022c1   Thumb Code   242  fsl_usart.o(.text.USART_SetBaudRate)
    USART_WriteBlocking                      0x000023b5   Thumb Code    74  fsl_usart.o(.text.USART_WriteBlocking)
    __aeabi_assert                           0x00002425   Thumb Code    16  fsl_assert.o(.text.__aeabi_assert)
    crc32_complete                           0x00002461   Thumb Code     8  crc32.o(.text.crc32_complete)
    crc32_generate                           0x00002469   Thumb Code    48  crc32.o(.text.crc32_generate)
    crc32_init                               0x00002499   Thumb Code     8  crc32.o(.text.crc32_init)
    dump_hdr                                 0x000024b1   Thumb Code    76  dimage.o(.text.dump_hdr)
    fputc                                    0x0000254d   Thumb Code    42  fsl_debug_console.o(.text.fputc)
    image_get_hdr                            0x00002579   Thumb Code    42  dimage.o(.text.image_get_hdr)
    image_scan                               0x000025a5   Thumb Code   560  dimage.o(.text.image_scan)
    kptl_create_ack                          0x000027e9   Thumb Code     8  kptl.o(.text.kptl_create_ack)
    kptl_create_cmd_packet                   0x000027f1   Thumb Code   122  kptl.o(.text.kptl_create_cmd_packet)
    kptl_create_generic_resp_packet          0x0000286d   Thumb Code    30  kptl.o(.text.kptl_create_generic_resp_packet)
    kptl_create_ping_resp_packet             0x0000288d   Thumb Code    82  kptl.o(.text.kptl_create_ping_resp_packet)
    kptl_create_property_resp_packet         0x000028e1   Thumb Code    32  kptl.o(.text.kptl_create_property_resp_packet)
    kptl_decode                              0x00002901   Thumb Code   424  kptl.o(.text.kptl_decode)
    kptl_decode_init                         0x00002aa9   Thumb Code    36  kptl.o(.text.kptl_decode_init)
    kptl_frame_packet_final                  0x00002acd   Thumb Code   162  kptl.o(.text.kptl_frame_packet_final)
    kptl_frame_packet_get_size               0x00002b71   Thumb Code     6  kptl.o(.text.kptl_frame_packet_get_size)
    main                                     0x00002b79   Thumb Code   812  main.o(.text.main)
    mcuboot_init                             0x00002f59   Thumb Code    36  mcuboot.o(.text.mcuboot_init)
    mcuboot_proc                             0x00002fc5   Thumb Code   536  mcuboot.o(.text.mcuboot_proc)
    mcuboot_recv                             0x000031dd   Thumb Code    32  mcuboot.o(.text.mcuboot_recv)
    memory_copy                              0x00003219   Thumb Code   260  memory.o(.text.memory_copy)
    memory_erase                             0x0000331d   Thumb Code    24  memory.o(.text.memory_erase)
    memory_init                              0x00003335   Thumb Code    44  memory.o(.text.memory_init)
    memory_read                              0x00003361   Thumb Code    18  memory.o(.text.memory_read)
    memory_write                             0x00003375   Thumb Code    60  memory.o(.text.memory_write)
    reinvoke                                 0x000033b1   Thumb Code    42  sbl_api.o(.text.reinvoke)
    sbl_nvm_init                             0x000033dd   Thumb Code    66  sbl_api.o(.text.sbl_nvm_init)
    sbl_nvm_write                            0x00003421   Thumb Code    32  sbl_api.o(.text.sbl_nvm_write)
    set_update_flag                          0x00003441   Thumb Code    50  sbl_api.o(.text.set_update_flag)
    test                                     0x00003475   Thumb Code     2  sbl_api.o(.text.test)
    __0printf$8                              0x00003479   Thumb Code    22  printf8.o(i.__0printf$8)
    __1printf$8                              0x00003479   Thumb Code     0  printf8.o(i.__0printf$8)
    __2printf                                0x00003479   Thumb Code     0  printf8.o(i.__0printf$8)
    __scatterload_copy                       0x00003499   Thumb Code    14  handlers.o(i.__scatterload_copy)
    __scatterload_null                       0x000034a7   Thumb Code     2  handlers.o(i.__scatterload_null)
    __scatterload_zeroinit                   0x000034a9   Thumb Code    14  handlers.o(i.__scatterload_zeroinit)
    Region$$Table$$Base                      0x00004100   Number         0  anon$$obj.o(Region$$Table)
    Region$$Table$$Limit                     0x00004120   Number         0  anon$$obj.o(Region$$Table)
    SystemCoreClock                          0x20000000   Data           4  system_lpc55s36.o(.data.SystemCoreClock)
    __stdout                                 0x20000200   Data          84  fsl_debug_console.o(.bss.__stdout)
    re_invoke_flag                           0x20000a00   Data           4  sbl_api.o(.bss.re_invoke_flag)
    Image$$ARM_LIB_HEAP$$ZI$$Base            0x20000a6c   Number         0  anon$$obj.o ABSOLUTE
    Image$$ARM_LIB_HEAP$$ZI$$Limit           0x20000e6c   Number         0  anon$$obj.o ABSOLUTE
    Image$$ARM_LIB_STACK$$ZI$$Base           0x2001bc00   Number         0  anon$$obj.o ABSOLUTE
    Image$$ARM_LIB_STACK$$ZI$$Limit          0x2001c000   Number         0  anon$$obj.o ABSOLUTE



==============================================================================

Memory Map of the image

  Image Entry point : 0x00000421

  Load Region LR_m_text (Base: 0x00000000, Size: 0x00004400, Max: 0x00040000, ABSOLUTE)

    Execution Region VECTOR_ROM (Exec base: 0x00000000, Load base: 0x00000000, Size: 0x00000220, Max: 0x00000400, ABSOLUTE)

    Exec Addr    Load Addr    Size         Type   Attr      Idx    E Section Name        Object

    0x00000000   0x00000000   0x00000220   Data   RO          615    .isr_vector         startup_lpc55s36.o


    Execution Region ER_m_text (Exec base: 0x00000400, Load base: 0x00000400, Size: 0x00003d20, Max: 0x0003fc00, ABSOLUTE, FIXED)

    Exec Addr    Load Addr    Size         Type   Attr      Idx    E Section Name        Object

    0x00000400   0x00000400   0x0000000c   Data   RO           69    .ARM.__at_0x400     sbl_api.o
    0x0000040c   0x0000040c   0x00000000   Code   RO          761  * .ARM.Collect$$$$00000000  mc_w.l(entry.o)
    0x0000040c   0x0000040c   0x00000004   Code   RO         1076    .ARM.Collect$$$$00000003  mc_w.l(entry4.o)
    0x00000410   0x00000410   0x00000004   Code   RO         1079    .ARM.Collect$$$$00000004  mc_w.l(entry5.o)
    0x00000414   0x00000414   0x00000000   Code   RO         1081    .ARM.Collect$$$$00000008  mc_w.l(entry7b.o)
    0x00000414   0x00000414   0x00000000   Code   RO         1083    .ARM.Collect$$$$0000000A  mc_w.l(entry8b.o)
    0x00000414   0x00000414   0x00000008   Code   RO         1084    .ARM.Collect$$$$0000000B  mc_w.l(entry9a.o)
    0x0000041c   0x0000041c   0x00000000   Code   RO         1086    .ARM.Collect$$$$0000000D  mc_w.l(entry10a.o)
    0x0000041c   0x0000041c   0x00000000   Code   RO         1088    .ARM.Collect$$$$0000000F  mc_w.l(entry11a.o)
    0x0000041c   0x0000041c   0x00000004   Code   RO         1077    .ARM.Collect$$$$00002714  mc_w.l(entry4.o)
    0x00000420   0x00000420   0x0000040c   Code   RO          614  * .text               startup_lpc55s36.o
    0x0000082c   0x0000082c   0x00000062   Code   RO          764    .text               mc_w.l(uldiv.o)
    0x0000088e   0x0000088e   0x00000028   Code   RO          766    .text               mc_w.l(memcpy.o)
    0x000008b6   0x000008b6   0x00000012   Code   RO          768    .text               mc_w.l(memset.o)
    0x000008c8   0x000008c8   0x0000000e   Code   RO          772    .text               mc_w.l(strlen.o)
    0x000008d6   0x000008d6   0x0000001e   Code   RO         1101    .text               mc_w.l(llshl.o)
    0x000008f4   0x000008f4   0x00000020   Code   RO         1103    .text               mc_w.l(llushr.o)
    0x00000914   0x00000914   0x00000024   Code   RO         1152    .text               mc_w.l(init.o)
    0x00000938   0x00000938   0x00000062   Code   RO          105    .text.BOARD_BootClockFROHF96M  clock_config.o
    0x0000099a   0x0000099a   0x00000002   PAD
    0x0000099c   0x0000099c   0x0000002c   Code   RO           90    .text.BOARD_InitDebugConsole  board.o
    0x000009c8   0x000009c8   0x00000026   Code   RO           80    .text.BOARD_InitPins  pin_mux.o
    0x000009ee   0x000009ee   0x00000002   PAD
    0x000009f0   0x000009f0   0x00000074   Code   RO          291    .text.CLOCK_AttachClk  fsl_clock.o
    0x00000a64   0x00000a64   0x000000c0   Code   RO          307    .text.CLOCK_GetClockOutClkFreq  fsl_clock.o
    0x00000b24   0x00000b24   0x000000d8   Code   RO          309    .text.CLOCK_GetCoreSysClkFreq  fsl_clock.o
    0x00000bfc   0x00000bfc   0x00000124   Code   RO          365    .text.CLOCK_GetFreq  fsl_clock.o
    0x00000d20   0x00000d20   0x0000003a   Code   RO          295    .text.CLOCK_SetClkDiv  fsl_clock.o
    0x00000d5a   0x00000d5a   0x00000002   PAD
    0x00000d5c   0x00000d5c   0x0000008c   Code   RO          301    .text.CLOCK_SetFLASHAccessCyclesForFreq  fsl_clock.o
    0x00000de8   0x00000de8   0x00000086   Code   RO          297    .text.CLOCK_SetupFROClocking  fsl_clock.o
    0x00000e6e   0x00000e6e   0x00000002   PAD
    0x00000e70   0x00000e70   0x00000052   Code   RO          118    .text.DbgConsole_Init  fsl_debug_console.o
    0x00000ec2   0x00000ec2   0x00000002   PAD
    0x00000ec4   0x00000ec4   0x00000020   Code   RO          126    .text.DbgConsole_Printf  fsl_debug_console.o
    0x00000ee4   0x00000ee4   0x00000406   Code   RO          128    .text.DbgConsole_Vprintf  fsl_debug_console.o
    0x000012ea   0x000012ea   0x00000002   PAD
    0x000012ec   0x000012ec   0x00000012   Code   RO          180    .text.FLASH_Erase   fsl_flash.o
    0x000012fe   0x000012fe   0x00000002   PAD
    0x00001300   0x00001300   0x00000024   Code   RO          178    .text.FLASH_Init    fsl_flash.o
    0x00001324   0x00001324   0x00000012   Code   RO          184    .text.FLASH_Program  fsl_flash.o
    0x00001336   0x00001336   0x00000002   PAD
    0x00001338   0x00001338   0x00000012   Code   RO          188    .text.FLASH_Read    fsl_flash.o
    0x0000134a   0x0000134a   0x00000002   PAD
    0x0000134c   0x0000134c   0x00000036   Code   RO          554    .text.FLEXCOMM0_DriverIRQHandler  fsl_flexcomm.o
    0x00001382   0x00001382   0x00000002   PAD
    0x00001384   0x00001384   0x0000003c   Code   RO           16    .text.FLEXCOMM0_IRQHandler  main.o
    0x000013c0   0x000013c0   0x00000036   Code   RO          556    .text.FLEXCOMM1_DriverIRQHandler  fsl_flexcomm.o
    0x000013f6   0x000013f6   0x00000002   PAD
    0x000013f8   0x000013f8   0x00000036   Code   RO          558    .text.FLEXCOMM2_DriverIRQHandler  fsl_flexcomm.o
    0x0000142e   0x0000142e   0x00000002   PAD
    0x00001430   0x00001430   0x00000036   Code   RO          560    .text.FLEXCOMM3_DriverIRQHandler  fsl_flexcomm.o
    0x00001466   0x00001466   0x00000002   PAD
    0x00001468   0x00001468   0x00000036   Code   RO          562    .text.FLEXCOMM4_DriverIRQHandler  fsl_flexcomm.o
    0x0000149e   0x0000149e   0x00000002   PAD
    0x000014a0   0x000014a0   0x00000036   Code   RO          564    .text.FLEXCOMM5_DriverIRQHandler  fsl_flexcomm.o
    0x000014d6   0x000014d6   0x00000002   PAD
    0x000014d8   0x000014d8   0x00000038   Code   RO          566    .text.FLEXCOMM6_DriverIRQHandler  fsl_flexcomm.o
    0x00001510   0x00001510   0x00000038   Code   RO          568    .text.FLEXCOMM7_DriverIRQHandler  fsl_flexcomm.o
    0x00001548   0x00001548   0x00000038   Code   RO          570    .text.FLEXCOMM8_DriverIRQHandler  fsl_flexcomm.o
    0x00001580   0x00001580   0x00000110   Code   RO          550    .text.FLEXCOMM_Init  fsl_flexcomm.o
    0x00001690   0x00001690   0x000000da   Code   RO          464    .text.GPIO_PinInit  fsl_gpio.o
    0x0000176a   0x0000176a   0x00000002   PAD
    0x0000176c   0x0000176c   0x000000a4   Code   RO          462    .text.GPIO_PortInit  fsl_gpio.o
    0x00001810   0x00001810   0x000000e4   Code   RO          621    .text.HAL_UartInit  fsl_adapter_usart.o
    0x000018f4   0x000018f4   0x0000006c   Code   RO          625    .text.HAL_UartReceiveBlocking  fsl_adapter_usart.o
    0x00001960   0x00001960   0x00000066   Code   RO          627    .text.HAL_UartSendBlocking  fsl_adapter_usart.o
    0x000019c6   0x000019c6   0x00000002   PAD
    0x000019c8   0x000019c8   0x0000002c   Code   RO           18    .text.HardFault_Handler  main.o
    0x000019f4   0x000019f4   0x00000060   Code   RO          420    .text.POWER_PowerInit  fsl_power.o
    0x00001a54   0x00001a54   0x000000f4   Code   RO          448    .text.POWER_SetVoltageForFreq  fsl_power.o
    0x00001b48   0x00001b48   0x000003b6   Code   RO          450    .text.POWER_SetVoltageForProcess  fsl_power.o
    0x00001efe   0x00001efe   0x00000002   PAD
    0x00001f00   0x00001f00   0x00000042   Code   RO          588    .text.RESET_ClearPeripheralReset  fsl_reset.o
    0x00001f42   0x00001f42   0x00000002   PAD
    0x00001f44   0x00001f44   0x00000052   Code   RO          590    .text.RESET_PeripheralReset  fsl_reset.o
    0x00001f96   0x00001f96   0x00000002   PAD
    0x00001f98   0x00001f98   0x00000072   Code   RO          601    .text.SystemInit    system_lpc55s36.o
    0x0000200a   0x0000200a   0x00000002   PAD
    0x0000200c   0x0000200c   0x00000002   Code   RO          603    .text.SystemInitHook  system_lpc55s36.o
    0x0000200e   0x0000200e   0x00000002   PAD
    0x00002010   0x00002010   0x00000054   Code   RO          508    .text.USART_GetDefaultConfig  fsl_usart.o
    0x00002064   0x00002064   0x000001b4   Code   RO          500    .text.USART_Init    fsl_usart.o
    0x00002218   0x00002218   0x000000a6   Code   RO          520    .text.USART_ReadBlocking  fsl_usart.o
    0x000022be   0x000022be   0x00000002   PAD
    0x000022c0   0x000022c0   0x000000f2   Code   RO          504    .text.USART_SetBaudRate  fsl_usart.o
    0x000023b2   0x000023b2   0x00000002   PAD
    0x000023b4   0x000023b4   0x0000004a   Code   RO          518    .text.USART_WriteBlocking  fsl_usart.o
    0x000023fe   0x000023fe   0x00000002   PAD
    0x00002400   0x00002400   0x00000024   Code   RO           20    .text.__NVIC_SystemReset  main.o
    0x00002424   0x00002424   0x0000003c   Code   RO          157    .text.__aeabi_assert  fsl_assert.o
    0x00002460   0x00002460   0x00000008   Code   RO          734    .text.crc32_complete  crc32.o
    0x00002468   0x00002468   0x00000030   Code   RO          732    .text.crc32_generate  crc32.o
    0x00002498   0x00002498   0x00000008   Code   RO          730    .text.crc32_init    crc32.o
    0x000024a0   0x000024a0   0x0000000e   Code   RO          719    .text.dec_cb        mcuboot.o
    0x000024ae   0x000024ae   0x00000002   PAD
    0x000024b0   0x000024b0   0x0000009c   Code   RO          747    .text.dump_hdr      dimage.o
    0x0000254c   0x0000254c   0x0000002a   Code   RO          136    .text.fputc         fsl_debug_console.o
    0x00002576   0x00002576   0x00000002   PAD
    0x00002578   0x00002578   0x0000002a   Code   RO          749    .text.image_get_hdr  dimage.o
    0x000025a2   0x000025a2   0x00000002   PAD
    0x000025a4   0x000025a4   0x00000244   Code   RO          751    .text.image_scan    dimage.o
    0x000027e8   0x000027e8   0x00000008   Code   RO          679    .text.kptl_create_ack  kptl.o
    0x000027f0   0x000027f0   0x0000007a   Code   RO          683    .text.kptl_create_cmd_packet  kptl.o
    0x0000286a   0x0000286a   0x00000002   PAD
    0x0000286c   0x0000286c   0x0000001e   Code   RO          693    .text.kptl_create_generic_resp_packet  kptl.o
    0x0000288a   0x0000288a   0x00000002   PAD
    0x0000288c   0x0000288c   0x00000052   Code   RO          697    .text.kptl_create_ping_resp_packet  kptl.o
    0x000028de   0x000028de   0x00000002   PAD
    0x000028e0   0x000028e0   0x00000020   Code   RO          695    .text.kptl_create_property_resp_packet  kptl.o
    0x00002900   0x00002900   0x000001a8   Code   RO          703    .text.kptl_decode   kptl.o
    0x00002aa8   0x00002aa8   0x00000024   Code   RO          701    .text.kptl_decode_init  kptl.o
    0x00002acc   0x00002acc   0x000000a2   Code   RO          689    .text.kptl_frame_packet_final  kptl.o
    0x00002b6e   0x00002b6e   0x00000002   PAD
    0x00002b70   0x00002b70   0x00000006   Code   RO          699    .text.kptl_frame_packet_get_size  kptl.o
    0x00002b76   0x00002b76   0x00000002   PAD
    0x00002b78   0x00002b78   0x000003c0   Code   RO            6    .text.main          main.o
    0x00002f38   0x00002f38   0x0000001e   Code   RO           14    .text.mcuboot_complete  main.o
    0x00002f56   0x00002f56   0x00000002   PAD
    0x00002f58   0x00002f58   0x00000024   Code   RO          717    .text.mcuboot_init  mcuboot.o
    0x00002f7c   0x00002f7c   0x00000046   Code   RO           12    .text.mcuboot_jump  main.o
    0x00002fc2   0x00002fc2   0x00000002   PAD
    0x00002fc4   0x00002fc4   0x00000218   Code   RO          713    .text.mcuboot_proc  mcuboot.o
    0x000031dc   0x000031dc   0x00000020   Code   RO          715    .text.mcuboot_recv  mcuboot.o
    0x000031fc   0x000031fc   0x00000004   Code   RO           10    .text.mcuboot_reset  main.o
    0x00003200   0x00003200   0x00000016   Code   RO            8    .text.mcuboot_send  main.o
    0x00003216   0x00003216   0x00000002   PAD
    0x00003218   0x00003218   0x00000104   Code   RO           41    .text.memory_copy   memory.o
    0x0000331c   0x0000331c   0x00000018   Code   RO           35    .text.memory_erase  memory.o
    0x00003334   0x00003334   0x0000002c   Code   RO           33    .text.memory_init   memory.o
    0x00003360   0x00003360   0x00000012   Code   RO           39    .text.memory_read   memory.o
    0x00003372   0x00003372   0x00000002   PAD
    0x00003374   0x00003374   0x0000003c   Code   RO           37    .text.memory_write  memory.o
    0x000033b0   0x000033b0   0x0000002a   Code   RO           58    .text.reinvoke      sbl_api.o
    0x000033da   0x000033da   0x00000002   PAD
    0x000033dc   0x000033dc   0x00000042   Code   RO           62    .text.sbl_nvm_init  sbl_api.o
    0x0000341e   0x0000341e   0x00000002   PAD
    0x00003420   0x00003420   0x00000020   Code   RO           60    .text.sbl_nvm_write  sbl_api.o
    0x00003440   0x00003440   0x00000032   Code   RO           64    .text.set_update_flag  sbl_api.o
    0x00003472   0x00003472   0x00000002   PAD
    0x00003474   0x00003474   0x00000002   Code   RO           66    .text.test          sbl_api.o
    0x00003476   0x00003476   0x00000002   PAD
    0x00003478   0x00003478   0x00000020   Code   RO          983    i.__0printf$8       mc_w.l(printf8.o)
    0x00003498   0x00003498   0x0000000e   Code   RO         1162    i.__scatterload_copy  mc_w.l(handlers.o)
    0x000034a6   0x000034a6   0x00000002   Code   RO         1163    i.__scatterload_null  mc_w.l(handlers.o)
    0x000034a8   0x000034a8   0x0000000e   Code   RO         1164    i.__scatterload_zeroinit  mc_w.l(handlers.o)
    0x000034b6   0x000034b6   0x00000002   PAD
    0x000034b8   0x000034b8   0x00000410   Code   RO          990    i._printf_core      mc_w.l(printf8.o)
    0x000038c8   0x000038c8   0x00000024   Code   RO          991    i._printf_post_padding  mc_w.l(printf8.o)
    0x000038ec   0x000038ec   0x0000002e   Code   RO          992    i._printf_pre_padding  mc_w.l(printf8.o)
    0x0000391a   0x0000391a   0x00000002   PAD
    0x0000391c   0x0000391c   0x00000060   Data   RO          401    .rodata.IntervalList  fsl_clock.o
    0x0000397c   0x0000397c   0x00000400   Data   RO          738    .rodata.crc32table  crc32.o
    0x00003d7c   0x00003d7c   0x00000020   Data   RO          634    .rodata.cst32       fsl_adapter_usart.o
    0x00003d9c   0x00003d9c   0x00000008   Data   RO          467    .rodata.cst8        fsl_gpio.o
    0x00003da4   0x00003da4   0x00000024   Data   RO          573    .rodata.s_flexcommBaseAddrs  fsl_flexcomm.o
    0x00003dc8   0x00003dc8   0x00000012   Data   RO          575    .rodata.s_flexcommClocks  fsl_flexcomm.o
    0x00003dda   0x00003dda   0x000000ce   Data   RO           23    .rodata.str1.1      main.o
    0x00003ea8   0x00003ea8   0x00000056   Data   RO          466    .rodata.str1.1      fsl_gpio.o
    0x00003efe   0x00003efe   0x00000099   Data   RO          539    .rodata.str1.1      fsl_usart.o
    0x00003f97   0x00003f97   0x0000008b   Data   RO          574    .rodata.str1.1      fsl_flexcomm.o
    0x00004022   0x00004022   0x00000041   Data   RO          592    .rodata.str1.1      fsl_reset.o
    0x00004063   0x00004063   0x0000008d   Data   RO          633    .rodata.str1.1      fsl_adapter_usart.o
    0x000040f0   0x000040f0   0x00000010   Data   RO          753    .rodata.str1.1      dimage.o
    0x00004100   0x00004100   0x00000020   Data   RO         1161    Region$$Table       anon$$obj.o


    Execution Region RW_m_data (Exec base: 0x20000000, Load base: 0x00004200, Size: 0x00000a6c, Max: 0x0001b800, ABSOLUTE)

    Exec Addr    Load Addr    Size         Type   Attr      Idx    E Section Name        Object

    0x20000000   0x00004200   0x00000004   Data   RW          607    .data.SystemCoreClock  system_lpc55s36.o
    0x20000004   0x00004204   0x00000004   Data   RW          402    .data.s_Ext_Clk_Freq  fsl_clock.o
    0x20000008   0x00004208   0x000001f8   PAD
    0x20000200        -       0x00000054   Zero   RW          147    .bss.__stdout       fsl_debug_console.o
    0x20000254        -       0x00000001   Zero   RW          721    .bss.evt            mcuboot.o
    0x20000255   0x00004208   0x00000003   PAD
    0x20000258        -       0x00000044   Zero   RW           47    .bss.flashInstance  memory.o
    0x2000029c        -       0x00000460   Zero   RW           22    .bss.mcuboot        main.o
    0x200006fc   0x00004208   0x00000104   PAD
    0x20000800        -       0x00000200   Zero   RW           48    .bss.memory_write.tmp_buf  memory.o
    0x20000a00        -       0x00000004   Zero   RW           68    .bss.re_invoke_flag  sbl_api.o
    0x20000a04        -       0x00000004   Zero   RW          403    .bss.s_I2S_Mclk_Freq  fsl_clock.o
    0x20000a08        -       0x00000004   Zero   RW          404    .bss.s_Pll0_Freq    fsl_clock.o
    0x20000a0c        -       0x00000004   Zero   RW          405    .bss.s_Pll1_Freq    fsl_clock.o
    0x20000a10        -       0x00000014   Zero   RW          146    .bss.s_debugConsole  fsl_debug_console.o
    0x20000a24        -       0x00000024   Zero   RW          577    .bss.s_flexcommHandle  fsl_flexcomm.o
    0x20000a48        -       0x00000024   Zero   RW          576    .bss.s_flexcommIrqHandler  fsl_flexcomm.o


    Execution Region ARM_LIB_HEAP (Exec base: 0x20000a6c, Load base: 0x00004400, Size: 0x00000400, Max: 0x00000400, ABSOLUTE)

    Exec Addr    Load Addr    Size         Type   Attr      Idx    E Section Name        Object

    0x20000a6c        -       0x00000400   Zero   RW            1    ARM_LIB_HEAP.bss    anon$$obj.o


    Execution Region ARM_LIB_STACK (Exec base: 0x2001bc00, Load base: 0x00004400, Size: 0x00000400, Max: 0x00000400, ABSOLUTE)

    Exec Addr    Load Addr    Size         Type   Attr      Idx    E Section Name        Object

    0x2001bc00        -       0x00000400   Zero   RW            2    ARM_LIB_STACK.bss   anon$$obj.o


==============================================================================

Image component sizes


      Code (inc. data)   RO Data    RW Data    ZI Data      Debug   Object Name

        44          0          0          0          0      10330   board.o
        98          0          0          0          0      13580   clock_config.o
        64          0       1024          0          0       1981   crc32.o
       778        100         16          0          0       4135   dimage.o
       438          8        173          0          0       7674   fsl_adapter_usart.o
        60         44          0          0          0        890   fsl_assert.o
      1148         24         96          4         12      56039   fsl_clock.o
      1186         92          0          0        104      13595   fsl_debug_console.o
        90          0          0          0          0      15598   fsl_flash.o
       764         36        193          0         72      19076   fsl_flexcomm.o
       382         16         94          0          0      14582   fsl_gpio.o
      1290          0          0          0          0      43052   fsl_power.o
       148          0         65          0          0      10477   fsl_reset.o
      1002         80        153          0          0      23827   fsl_usart.o
       902         16          0          0          0      10327   kptl.o
      1226        180        206          0       1120      31296   main.o
       618         30          0          0          1       5051   mcuboot.o
       406          0          0          0        580       6847   memory.o
        38          0          0          0          0      10371   pin_mux.o
       192          0         12          0          4       3269   sbl_api.o
      1036        512        544          0          0       5069   startup_lpc55s36.o
       116          0          0          4          0       9737   system_lpc55s36.o

    ----------------------------------------------------------------------
     12108       1138       2608          8       4708     316803   Object Totals
         0          0         32          0       2048          0   (incl. Generated)
        82          0          0          0        767          0   (incl. Padding)

    ----------------------------------------------------------------------

      Code (inc. data)   RO Data    RW Data    ZI Data      Debug   Library Member Name

         0          0          0          0          0          0   entry.o
         0          0          0          0          0          0   entry10a.o
         0          0          0          0          0          0   entry11a.o
         8          4          0          0          0          0   entry4.o
         4          0          0          0          0          0   entry5.o
         0          0          0          0          0          0   entry7b.o
         0          0          0          0          0          0   entry8b.o
         8          4          0          0          0          0   entry9a.o
        30          0          0          0          0          0   handlers.o
        36          8          0          0          0         68   init.o
        30          0          0          0          0         68   llshl.o
        32          0          0          0          0         68   llushr.o
        40          0          0          0          0         76   memcpy.o
        18          0          0          0          0         76   memset.o
      1154         54          0          0          0        352   printf8.o
        14          0          0          0          0         68   strlen.o
        98          0          0          0          0         92   uldiv.o

    ----------------------------------------------------------------------
      1476         70          0          0          0        868   Library Totals
         4          0          0          0          0          0   (incl. Padding)

    ----------------------------------------------------------------------

      Code (inc. data)   RO Data    RW Data    ZI Data      Debug   Library Name

      1472         70          0          0          0        868   mc_w.l

    ----------------------------------------------------------------------
      1476         70          0          0          0        868   Library Totals

    ----------------------------------------------------------------------

==============================================================================


      Code (inc. data)   RO Data    RW Data    ZI Data      Debug   

     13584       1208       2608          8       4708     317111   Grand Totals
     13584       1208       2608          8       4708     317111   ELF Image Totals
     13584       1208       2608          8          0          0   ROM Totals

==============================================================================

    Total RO  Size (Code + RO Data)                16192 (  15.81kB)
    Total RW  Size (RW Data + ZI Data)              4716 (   4.61kB)
    Total ROM Size (Code + RO Data + RW Data)      16200 (  15.82kB)

==============================================================================

